Archive member included to satisfy reference by file (symbol)

C:/Program Files (x86)/Arm/GNU Toolchain mingw-w64-i686-arm-none-eabi/bin/../lib/gcc/arm-none-eabi/15.2.1/thumb/v6-m/nofp\libgcc.a(_dvmd_tls.o)
                              CMakeFiles/uart_baremetal.dir/C_/Users/Nandkishor/pico/pico-sdk/src/rp2_common/pico_divider/divider_hardware.S.obj (__aeabi_idiv0)
C:/Program Files (x86)/Arm/GNU Toolchain mingw-w64-i686-arm-none-eabi/bin/../lib/gcc/arm-none-eabi/15.2.1/../../../../arm-none-eabi/lib/thumb/v6-m/nofp\libg.a(libc_a-calloc.o)
                              CMakeFiles/uart_baremetal.dir/C_/Users/Nandkishor/pico/pico-sdk/src/rp2_common/pico_malloc/malloc.c.obj (calloc)
C:/Program Files (x86)/Arm/GNU Toolchain mingw-w64-i686-arm-none-eabi/bin/../lib/gcc/arm-none-eabi/15.2.1/../../../../arm-none-eabi/lib/thumb/v6-m/nofp\libg.a(libc_a-callocr.o)
                              C:/Program Files (x86)/Arm/GNU Toolchain mingw-w64-i686-arm-none-eabi/bin/../lib/gcc/arm-none-eabi/15.2.1/../../../../arm-none-eabi/lib/thumb/v6-m/nofp\libg.a(libc_a-calloc.o) (_calloc_r)
C:/Program Files (x86)/Arm/GNU Toolchain mingw-w64-i686-arm-none-eabi/bin/../lib/gcc/arm-none-eabi/15.2.1/../../../../arm-none-eabi/lib/thumb/v6-m/nofp\libg.a(libc_a-malloc.o)
                              CMakeFiles/uart_baremetal.dir/C_/Users/Nandkishor/pico/pico-sdk/src/rp2_common/pico_malloc/malloc.c.obj (malloc)
C:/Program Files (x86)/Arm/GNU Toolchain mingw-w64-i686-arm-none-eabi/bin/../lib/gcc/arm-none-eabi/15.2.1/../../../../arm-none-eabi/lib/thumb/v6-m/nofp\libg.a(libc_a-mallocr.o)
                              C:/Program Files (x86)/Arm/GNU Toolchain mingw-w64-i686-arm-none-eabi/bin/../lib/gcc/arm-none-eabi/15.2.1/../../../../arm-none-eabi/lib/thumb/v6-m/nofp\libg.a(libc_a-callocr.o) (_malloc_r)
C:/Program Files (x86)/Arm/GNU Toolchain mingw-w64-i686-arm-none-eabi/bin/../lib/gcc/arm-none-eabi/15.2.1/../../../../arm-none-eabi/lib/thumb/v6-m/nofp\libg.a(libc_a-mlock.o)
                              C:/Program Files (x86)/Arm/GNU Toolchain mingw-w64-i686-arm-none-eabi/bin/../lib/gcc/arm-none-eabi/15.2.1/../../../../arm-none-eabi/lib/thumb/v6-m/nofp\libg.a(libc_a-mallocr.o) (__malloc_lock)
C:/Program Files (x86)/Arm/GNU Toolchain mingw-w64-i686-arm-none-eabi/bin/../lib/gcc/arm-none-eabi/15.2.1/../../../../arm-none-eabi/lib/thumb/v6-m/nofp\libg.a(libc_a-realloc.o)
                              CMakeFiles/uart_baremetal.dir/C_/Users/Nandkishor/pico/pico-sdk/src/rp2_common/pico_malloc/malloc.c.obj (realloc)
C:/Program Files (x86)/Arm/GNU Toolchain mingw-w64-i686-arm-none-eabi/bin/../lib/gcc/arm-none-eabi/15.2.1/../../../../arm-none-eabi/lib/thumb/v6-m/nofp\libg.a(libc_a-reallocr.o)
                              C:/Program Files (x86)/Arm/GNU Toolchain mingw-w64-i686-arm-none-eabi/bin/../lib/gcc/arm-none-eabi/15.2.1/../../../../arm-none-eabi/lib/thumb/v6-m/nofp\libg.a(libc_a-realloc.o) (_realloc_r)
C:/Program Files (x86)/Arm/GNU Toolchain mingw-w64-i686-arm-none-eabi/bin/../lib/gcc/arm-none-eabi/15.2.1/../../../../arm-none-eabi/lib/thumb/v6-m/nofp\libg.a(libc_a-memcmp.o)
                              CMakeFiles/uart_baremetal.dir/C_/Users/Nandkishor/pico/pico-sdk/src/rp2_common/pico_atomic/atomic.c.obj (memcmp)
C:/Program Files (x86)/Arm/GNU Toolchain mingw-w64-i686-arm-none-eabi/bin/../lib/gcc/arm-none-eabi/15.2.1/../../../../arm-none-eabi/lib/thumb/v6-m/nofp\libg.a(libc_a-memmove.o)
                              C:/Program Files (x86)/Arm/GNU Toolchain mingw-w64-i686-arm-none-eabi/bin/../lib/gcc/arm-none-eabi/15.2.1/../../../../arm-none-eabi/lib/thumb/v6-m/nofp\libg.a(libc_a-reallocr.o) (memmove)
C:/Program Files (x86)/Arm/GNU Toolchain mingw-w64-i686-arm-none-eabi/bin/../lib/gcc/arm-none-eabi/15.2.1/../../../../arm-none-eabi/lib/thumb/v6-m/nofp\libg.a(libc_a-lcltime_r.o)
                              CMakeFiles/uart_baremetal.dir/C_/Users/Nandkishor/pico/pico-sdk/src/common/pico_util/datetime.c.obj (localtime_r)
C:/Program Files (x86)/Arm/GNU Toolchain mingw-w64-i686-arm-none-eabi/bin/../lib/gcc/arm-none-eabi/15.2.1/../../../../arm-none-eabi/lib/thumb/v6-m/nofp\libg.a(libc_a-mktime.o)
                              CMakeFiles/uart_baremetal.dir/C_/Users/Nandkishor/pico/pico-sdk/src/common/pico_util/datetime.c.obj (mktime)
C:/Program Files (x86)/Arm/GNU Toolchain mingw-w64-i686-arm-none-eabi/bin/../lib/gcc/arm-none-eabi/15.2.1/../../../../arm-none-eabi/lib/thumb/v6-m/nofp\libg.a(libc_a-month_lengths.o)
                              C:/Program Files (x86)/Arm/GNU Toolchain mingw-w64-i686-arm-none-eabi/bin/../lib/gcc/arm-none-eabi/15.2.1/../../../../arm-none-eabi/lib/thumb/v6-m/nofp\libg.a(libc_a-lcltime_r.o) (__month_lengths)
C:/Program Files (x86)/Arm/GNU Toolchain mingw-w64-i686-arm-none-eabi/bin/../lib/gcc/arm-none-eabi/15.2.1/../../../../arm-none-eabi/lib/thumb/v6-m/nofp\libg.a(libc_a-tzcalc_limits.o)
[...]
Memory Configuration

Name             Origin             Length             Attributes
FLASH            0x10000000         0x00200000         xr
RAM              0x20000000         0x00040000         xrw
SCRATCH_X        0x20040000         0x00001000         xrw
SCRATCH_Y        0x20041000         0x00001000         xrw
*default*        0x00000000         0xffffffff

Linker script and memory map

LOAD C:/Program Files (x86)/Arm/GNU Toolchain mingw-w64-i686-arm-none-eabi/bin/../lib/gcc/arm-none-eabi/15.2.1/thumb/v6-m/nofp/crti.o
LOAD C:/Program Files (x86)/Arm/GNU Toolchain mingw-w64-i686-arm-none-eabi/bin/../lib/gcc/arm-none-eabi/15.2.1/thumb/v6-m/nofp/crtbegin.o
LOAD C:/Program Files (x86)/Arm/GNU Toolchain mingw-w64-i686-arm-none-eabi/bin/../lib/gcc/arm-none-eabi/15.2.1/../../../../arm-none-eabi/lib/thumb/v6-m/nofp/crt0.o

.flash_begin    0x10000000        0x0
                0x10000000                        __flash_binary_start = .

.boot2          0x10000000      0x100
                0x10000000                        __boot2_start__ = .
 *(.boot2)
 .boot2         0x10000000      0x100 pico-sdk/src/rp2040/boot_stage2/CMakeFiles/bs2_default_library.dir/./bs2_default_padded_checksummed.S.obj
                0x10000100                        __boot2_end__ = .
                0x00000001                        ASSERT (((__boot2_end__ - __boot2_start__) == 0x100), ERROR: Pico second stage bootloader must be 256 bytes in size)

.text           0x10000100     0x1cd8
                0x10000100                        __logical_binary_start = .
 *(.vectors)
 .vectors       0x10000100       0xd4 CMakeFiles/uart_baremetal.dir/C_/Users/Nandkishor/pico/pico-sdk/src/rp2_common/pico_crt0/crt0.S.obj
                0x10000100                __VECTOR_TABLE
                0x10000100                __vectors
                0x100001c0                isr_irq13
                0x100001c0                isr_irq27
                0x100001c0                isr_irq31
                0x100001c0                isr_irq12
                0x100001c0                isr_irq5
                0x100001c0                isr_irq11
                0x100001c0                isr_irq3
                0x100001c0                isr_irq23
                0x100001c0                __unhandled_user_irq
                0x100001c0                isr_irq26
                0x100001c0                isr_irq28
                0x100001c0                isr_irq19
                0x100001c0                isr_irq0
                0x100001c0                isr_irq6
                0x100001c0                isr_irq29
                0x100001c0                isr_irq16
                0x100001c0                isr_irq22
                0x100001c0                isr_irq18
                0x100001c0                isr_irq17
                0x100001c0                isr_irq14
                0x100001c0                __vectors_end
                0x100001c0                __default_isrs_start
                0x100001c0                isr_irq2
                0x100001c0                isr_irq10
                0x100001c0                isr_irq8
                0x100001c0                isr_irq24
                0x100001c0                isr_irq1
                0x100001c0                isr_irq7
                0x100001c0                isr_irq21
                0x100001c0                isr_irq20
                0x100001c0                isr_irq15
                0x100001c0                isr_irq25
                0x100001c0                isr_irq4
                0x100001c0                isr_irq30
                0x100001c0                isr_irq9
                0x100001c6                unhandled_user_irq_num_in_r0
                0x100001c8                isr_invalid
                0x100001ca                isr_nmi
                0x100001cc                isr_hardfault
                0x100001ce                isr_svcall
                0x100001d0                isr_pendsv
                0x100001d2                isr_systick
                0x100001d4                __default_isrs_end
 *(.binary_info_header)
 .binary_info_header
                0x100001d4       0x14 CMakeFiles/uart_baremetal.dir/C_/Users/Nandkishor/pico/pico-sdk/src/rp2_common/pico_crt0/crt0.S.obj
                0x100001e8                        __binary_info_header_end = .
 *(.embedded_block)
                0x100001e8                        __embedded_block_end = .
 *(.reset)
 .reset         0x100001e8       0x9c CMakeFiles/uart_baremetal.dir/C_/Users/Nandkishor/pico/pico-sdk/src/rp2_common/pico_crt0/crt0.S.obj
                0x100001e8                _entry_point
 *(.init)
 .init          0x10000284        0x4 C:/Program Files (x86)/Arm/GNU Toolchain mingw-w64-i686-arm-none-eabi/bin/../lib/gcc/arm-none-eabi/15.2.1/thumb/v6-m/nofp/crti.o
                0x10000284                _init
 *(EXCLUDE_FILE(*libm.a: *libc.a:*lib_a-mem*.o *libgcc.a:) .text*)
 .text.register_tm_clones
                0x10000288       0x28 C:/Program Files (x86)/Arm/GNU Toolchain mingw-w64-i686-arm-none-eabi/bin/../lib/gcc/arm-none-eabi/15.2.1/thumb/v6-m/nofp/crtbegin.o
 .text.frame_dummy
                0x100002b0       0x24 C:/Program Files (x86)/Arm/GNU Toolchain mingw-w64-i686-arm-none-eabi/bin/../lib/gcc/arm-none-eabi/15.2.1/thumb/v6-m/nofp/crtbegin.o
 .text.startup.main
                0x100002d4       0x24 CMakeFiles/uart_baremetal.dir/src/main.c.obj
                0x100002d4                main
 .text.gpio_set_function
                0x100002f8       0x30 CMakeFiles/uart_baremetal.dir/C_/Users/Nandkishor/pico/pico-sdk/src/rp2_common/hardware_gpio/gpio.c.obj
                0x100002f8                gpio_set_function
 .text.panic    0x10000328       0x30 CMakeFiles/uart_baremetal.dir/C_/Users/Nandkishor/pico/pico-sdk/src/rp2_common/pico_platform_panic/panic.c.obj
                0x10000328                panic
 .text.hw_claim_or_assert
                0x10000358       0x50 CMakeFiles/uart_baremetal.dir/C_/Users/Nandkishor/pico/pico-sdk/src/common/hardware_claim/claim.c.obj
                0x10000358                hw_claim_or_assert
 .text.next_striped_spin_lock_num
                0x100003a8       0x18 CMakeFiles/uart_baremetal.dir/C_/Users/Nandkishor/pico/pico-sdk/src/rp2_common/hardware_sync/sync.c.obj
                0x100003a8                next_striped_spin_lock_num
 .text.spin_locks_reset
                0x100003c0       0x1c CMakeFiles/uart_baremetal.dir/C_/Users/Nandkishor/pico/pico-sdk/src/rp2_common/hardware_sync_spin_lock/sync_spin_lock.c.obj
                0x100003c0                spin_locks_reset
 .text.runtime_init_per_core_irq_priorities
                0x100003dc       0x48 CMakeFiles/uart_baremetal.dir/C_/Users/Nandkishor/pico/pico-sdk/src/rp2_common/hardware_irq/irq.c.obj
                0x100003dc                runtime_init_per_core_irq_priorities
 .text.irq_set_enabled
                0x10000424       0x24 CMakeFiles/uart_baremetal.dir/C_/Users/Nandkishor/pico/pico-sdk/src/rp2_common/hardware_irq/irq.c.obj
                0x10000424                irq_set_enabled
 .text.irq_set_exclusive_handler
                0x10000448       0x54 CMakeFiles/uart_baremetal.dir/C_/Users/Nandkishor/pico/pico-sdk/src/rp2_common/hardware_irq/irq.c.obj
                0x10000448                irq_set_exclusive_handler
 .text.irq_remove_handler
                0x1000049c      0x1c8 CMakeFiles/uart_baremetal.dir/C_/Users/Nandkishor/pico/pico-sdk/src/rp2_common/hardware_irq/irq.c.obj
                0x1000049c                irq_remove_handler
 .text.irq_add_tail_to_free_list
                0x10000664       0xb4 CMakeFiles/uart_baremetal.dir/C_/Users/Nandkishor/pico/pico-sdk/src/rp2_common/hardware_irq/irq.c.obj
                0x10000664                irq_add_tail_to_free_list
 .text.lock_init
                0x10000718       0x10 CMakeFiles/uart_baremetal.dir/C_/Users/Nandkishor/pico/pico-sdk/src/common/pico_sync/lock_core.c.obj
                0x10000718                lock_init
 .text.runtime_init_mutex
                0x10000728       0x50 CMakeFiles/uart_baremetal.dir/C_/Users/Nandkishor/pico/pico-sdk/src/common/pico_sync/mutex.c.obj
                0x10000728                runtime_init_mutex
 .text.sleep_until_callback
                0x10000778       0x30 CMakeFiles/uart_baremetal.dir/C_/Users/Nandkishor/pico/pico-sdk/src/common/pico_time/time.c.obj
 .text.alarm_pool_irq_handler
                0x100007a8      0x2f4 CMakeFiles/uart_baremetal.dir/C_/Users/Nandkishor/pico/pico-sdk/src/common/pico_time/time.c.obj
 .text.runtime_init_default_alarm_pool
                0x10000a9c       0xd8 CMakeFiles/uart_baremetal.dir/C_/Users/Nandkishor/pico/pico-sdk/src/common/pico_time/time.c.obj
                0x10000a9c                runtime_init_default_alarm_pool
 .text.alarm_pool_add_alarm_at_force_in_context
                0x10000b74       0xbc CMakeFiles/uart_baremetal.dir/C_/Users/Nandkishor/pico/pico-sdk/src/common/pico_time/time.c.obj
                0x10000b74                alarm_pool_add_alarm_at_force_in_context
 .text.alarm_pool_cancel_alarm
                0x10000c30       0x74 CMakeFiles/uart_baremetal.dir/C_/Users/Nandkishor/pico/pico-sdk/src/common/pico_time/time.c.obj
                0x10000c30                alarm_pool_cancel_alarm
 .text.sleep_ms
                0x10000ca4       0xfc CMakeFiles/uart_baremetal.dir/C_/Users/Nandkishor/pico/pico-sdk/src/common/pico_time/time.c.obj
                0x10000ca4                sleep_ms
 .text.best_effort_wfe_or_timeout
                0x10000da0      0x100 CMakeFiles/uart_baremetal.dir/C_/Users/Nandkishor/pico/pico-sdk/src/common/pico_time/time.c.obj
                0x10000da0                best_effort_wfe_or_timeout
 .text.timer_hardware_alarm_claim
                0x10000ea0       0x14 CMakeFiles/uart_baremetal.dir/C_/Users/Nandkishor/pico/pico-sdk/src/rp2_common/hardware_timer/timer.c.obj
                0x10000ea0                timer_hardware_alarm_claim
 .text.timer_time_us_64
                0x10000eb4       0x10 CMakeFiles/uart_baremetal.dir/C_/Users/Nandkishor/pico/pico-sdk/src/rp2_common/hardware_timer/timer.c.obj
                0x10000eb4                timer_time_us_64
 .text.time_us_64
                0x10000ec4       0x14 CMakeFiles/uart_baremetal.dir/C_/Users/Nandkishor/pico/pico-sdk/src/rp2_common/hardware_timer/timer.c.obj
                0x10000ec4                time_us_64
 .text.busy_wait_us
                0x10000ed8       0x6c CMakeFiles/uart_baremetal.dir/C_/Users/Nandkishor/pico/pico-sdk/src/rp2_common/hardware_timer/timer.c.obj
                0x10000ed8                busy_wait_us
 .text.busy_wait_until
                0x10000f44       0x20 CMakeFiles/uart_baremetal.dir/C_/Users/Nandkishor/pico/pico-sdk/src/rp2_common/hardware_timer/timer.c.obj
                0x10000f44                busy_wait_until
 .text.uart_init
                0x10000f64      0x11c CMakeFiles/uart_baremetal.dir/C_/Users/Nandkishor/pico/pico-sdk/src/rp2_common/hardware_uart/uart.c.obj
                0x10000f64                uart_init
 .text.clock_configure_int_divider
                0x10001080       0xec CMakeFiles/uart_baremetal.dir/C_/Users/Nandkishor/pico/pico-sdk/src/rp2_common/hardware_clocks/clocks.c.obj
                0x10001080                clock_configure_int_divider
 .text.clock_configure_undivided
                0x1000116c       0xe0 CMakeFiles/uart_baremetal.dir/C_/Users/Nandkishor/pico/pico-sdk/src/rp2_common/hardware_clocks/clocks.c.obj
                0x1000116c                clock_configure_undivided
 .text.clock_get_hz
                0x1000124c        0xc CMakeFiles/uart_baremetal.dir/C_/Users/Nandkishor/pico/pico-sdk/src/rp2_common/hardware_clocks/clocks.c.obj
                0x1000124c                clock_get_hz
 .text.pll_init
                0x10001258       0xb0 CMakeFiles/uart_baremetal.dir/C_/Users/Nandkishor/pico/pico-sdk/src/rp2_common/hardware_pll/pll.c.obj
                0x10001258                pll_init
 .text.tick_start
                0x10001308       0x10 CMakeFiles/uart_baremetal.dir/C_/Users/Nandkishor/pico/pico-sdk/src/rp2_common/hardware_ticks/ticks.c.obj
                0x10001308                tick_start
 .text.rom_func_lookup
                0x10001318       0x10 CMakeFiles/uart_baremetal.dir/C_/Users/Nandkishor/pico/pico-sdk/src/rp2_common/pico_bootrom/bootrom.c.obj
                0x10001318                rom_func_lookup
 .text.rom_data_lookup
                0x10001328       0x10 CMakeFiles/uart_baremetal.dir/C_/Users/Nandkishor/pico/pico-sdk/src/rp2_common/pico_bootrom/bootrom.c.obj
                0x10001328                rom_data_lookup
 .text.rom_funcs_lookup
                0x10001338       0x44 CMakeFiles/uart_baremetal.dir/C_/Users/Nandkishor/pico/pico-sdk/src/rp2_common/pico_bootrom/bootrom.c.obj
                0x10001338                rom_funcs_lookup
 .text.xosc_init
                0x1000137c       0x28 CMakeFiles/uart_baremetal.dir/C_/Users/Nandkishor/pico/pico-sdk/src/rp2_common/hardware_xosc/xosc.c.obj
                0x1000137c                xosc_init
 .text.first_per_core_initializer
                0x100013a4        0x4 CMakeFiles/uart_baremetal.dir/C_/Users/Nandkishor/pico/pico-sdk/src/rp2_common/pico_runtime/runtime.c.obj
 .text.hard_assertion_failure
                0x100013a8        0xc CMakeFiles/uart_baremetal.dir/C_/Users/Nandkishor/pico/pico-sdk/src/rp2_common/pico_runtime/runtime.c.obj
                0x100013a8                hard_assertion_failure
 .text.runtime_run_initializers
                0x100013b4       0x28 CMakeFiles/uart_baremetal.dir/C_/Users/Nandkishor/pico/pico-sdk/src/rp2_common/pico_runtime/runtime.c.obj
                0x100013b4                runtime_run_initializers
 .text.runtime_init_early_resets
                0x100013dc       0x2c CMakeFiles/uart_baremetal.dir/C_/Users/Nandkishor/pico/pico-sdk/src/rp2_common/pico_runtime_init/runtime_init.c.obj
                0x100013dc                runtime_init_early_resets
 .text.runtime_init_usb_power_down
                0x10001408       0x1c CMakeFiles/uart_baremetal.dir/C_/Users/Nandkishor/pico/pico-sdk/src/rp2_common/pico_runtime_init/runtime_init.c.obj
                0x10001408                runtime_init_usb_power_down
 .text.runtime_init_post_clock_resets
                0x10001424       0x20 CMakeFiles/uart_baremetal.dir/C_/Users/Nandkishor/pico/pico-sdk/src/rp2_common/pico_runtime_init/runtime_init.c.obj
                0x10001424                runtime_init_post_clock_resets
 .text.runtime_init_rp2040_gpio_ie_disable
                0x10001444       0x14 CMakeFiles/uart_baremetal.dir/C_/Users/Nandkishor/pico/pico-sdk/src/rp2_common/pico_runtime_init/runtime_init.c.obj
                0x10001444                runtime_init_rp2040_gpio_ie_disable
 .text.runtime_init_spin_locks_reset
                0x10001458        0x8 CMakeFiles/uart_baremetal.dir/C_/Users/Nandkishor/pico/pico-sdk/src/rp2_common/pico_runtime_init/runtime_init.c.obj
                0x10001458                runtime_init_spin_locks_reset
 .text.runtime_init_install_ram_vector_table
                0x10001460       0xb8 CMakeFiles/uart_baremetal.dir/C_/Users/Nandkishor/pico/pico-sdk/src/rp2_common/pico_runtime_init/runtime_init.c.obj
                0x10001460                runtime_init_install_ram_vector_table
 .text.runtime_init_clocks
                0x10001518       0xd8 CMakeFiles/uart_baremetal.dir/C_/Users/Nandkishor/pico/pico-sdk/src/rp2_common/pico_runtime_init/runtime_init_clocks.c.obj
                0x10001518                runtime_init_clocks
 .text          0x100015f0       0x10 CMakeFiles/uart_baremetal.dir/C_/Users/Nandkishor/pico/pico-sdk/src/rp2_common/pico_bit_ops/bit_ops_aeabi.S.obj
 .text.__wrap___aeabi_uidiv
                0x10001600       0x4c CMakeFiles/uart_baremetal.dir/C_/Users/Nandkishor/pico/pico-sdk/src/rp2_common/pico_divider/divider_hardware.S.obj
                0x10001600                __wrap___aeabi_uidiv
                0x10001600                __wrap___aeabi_uidivmod
                0x10001600                div_u32u32
                0x10001600                divmod_u32u32
                0x10001608                divmod_u32u32_unsafe
                0x10001630                divmod_u32u32_savestate
 .text.__aeabi_double_init
                0x1000164c       0xa4 CMakeFiles/uart_baremetal.dir/C_/Users/Nandkishor/pico/pico-sdk/src/rp2_common/pico_double/double_init_rom_rp2040.c.obj
                0x1000164c                __aeabi_double_init
 .text.double_table_shim_on_use_helper
                0x100016f0       0x2c CMakeFiles/uart_baremetal.dir/C_/Users/Nandkishor/pico/pico-sdk/src/rp2_common/pico_double/double_v1_rom_shim_rp2040.S.obj
                0x100016f0                double_table_shim_on_use_helper
 .text.__aeabi_lmul
                0x1000171c       0x32 CMakeFiles/uart_baremetal.dir/C_/Users/Nandkishor/pico/pico-sdk/src/rp2_common/pico_int64_ops/pico_int64_ops_aeabi.S.obj
                0x1000171c                __wrap___aeabi_lmul
 *fill*         0x1000174e        0x2 
 .text.__aeabi_float_init
                0x10001750       0x68 CMakeFiles/uart_baremetal.dir/C_/Users/Nandkishor/pico/pico-sdk/src/rp2_common/pico_float/float_init_rom_rp2040.c.obj
                0x10001750                __aeabi_float_init
 .text.float_table_shim_on_use_helper
                0x100017b8       0x2c CMakeFiles/uart_baremetal.dir/C_/Users/Nandkishor/pico/pico-sdk/src/rp2_common/pico_float/float_v1_rom_shim_rp2040.S.obj
                0x100017b8                float_table_shim_on_use_helper
 .text          0x100017e4       0x10 CMakeFiles/uart_baremetal.dir/C_/Users/Nandkishor/pico/pico-sdk/src/rp2_common/pico_mem_ops/mem_ops_aeabi.S.obj
                0x100017e4                __aeabi_mem_init
 .text.memcpy   0x100017f4        0xc CMakeFiles/uart_baremetal.dir/C_/Users/Nandkishor/pico/pico-sdk/src/rp2_common/pico_mem_ops/mem_ops_aeabi.S.obj
                0x100017f4                __wrap_memcpy
                0x100017f4                __wrap___aeabi_memcpy
 .text._out_char
                0x10001800       0x10 CMakeFiles/uart_baremetal.dir/C_/Users/Nandkishor/pico/pico-sdk/src/rp2_common/pico_printf/printf.c.obj
 .text.weak_raw_vprintf
                0x10001810       0x30 CMakeFiles/uart_baremetal.dir/C_/Users/Nandkishor/pico/pico-sdk/src/rp2_common/pico_printf/printf.c.obj
                0x10001810                weak_raw_vprintf
 .text._exit    0x10001840        0x4 CMakeFiles/uart_baremetal.dir/C_/Users/Nandkishor/pico/pico-sdk/src/rp2_common/pico_clib_interface/newlib_interface.c.obj
                0x10001840                _exit
 .text.exit     0x10001844        0x8 CMakeFiles/uart_baremetal.dir/C_/Users/Nandkishor/pico/pico-sdk/src/rp2_common/pico_clib_interface/newlib_interface.c.obj
                0x10001844                exit
 .text.runtime_init
                0x1000184c       0x2c CMakeFiles/uart_baremetal.dir/C_/Users/Nandkishor/pico/pico-sdk/src/rp2_common/pico_clib_interface/newlib_interface.c.obj
                0x1000184c                runtime_init
 .text.stdio_out_chars_no_crlf
                0x10001878       0x10 CMakeFiles/uart_baremetal.dir/C_/Users/Nandkishor/pico/pico-sdk/src/rp2_common/pico_stdio/stdio.c.obj
 .text.stdio_out_chars_crlf
                0x10001888       0x90 CMakeFiles/uart_baremetal.dir/C_/Users/Nandkishor/pico/pico-sdk/src/rp2_common/pico_stdio/stdio.c.obj
 .text.stdio_put_string
                0x10001918       0xf4 CMakeFiles/uart_baremetal.dir/C_/Users/Nandkishor/pico/pico-sdk/src/rp2_common/pico_stdio/stdio.c.obj
                0x10001918                stdio_put_string
 .text.stdio_set_driver_enabled
                0x10001a0c       0x30 CMakeFiles/uart_baremetal.dir/C_/Users/Nandkishor/pico/pico-sdk/src/rp2_common/pico_stdio/stdio.c.obj
                0x10001a0c                stdio_set_driver_enabled
 .text.stdio_init_all
                0x10001a3c        0xc CMakeFiles/uart_baremetal.dir/C_/Users/Nandkishor/pico/pico-sdk/src/rp2_common/pico_stdio/stdio.c.obj
                0x10001a3c                stdio_init_all
 .text.__wrap_putchar
                0x10001a48       0x94 CMakeFiles/uart_baremetal.dir/C_/Users/Nandkishor/pico/pico-sdk/src/rp2_common/pico_stdio/stdio.c.obj
                0x10001a48                __wrap_putchar
                0x10001a48                stdio_putchar
 .text.__wrap_puts
                0x10001adc       0x3c CMakeFiles/uart_baremetal.dir/C_/Users/Nandkishor/pico/pico-sdk/src/rp2_common/pico_stdio/stdio.c.obj
                0x10001adc                stdio_puts
                0x10001adc                __wrap_puts
 .text.stdio_uart_out_chars
                0x10001b18       0x4c CMakeFiles/uart_baremetal.dir/C_/Users/Nandkishor/pico/pico-sdk/src/rp2_common/pico_stdio_uart/stdio_uart.c.obj
 .text.stdio_uart_in_chars
                0x10001b64       0x8c CMakeFiles/uart_baremetal.dir/C_/Users/Nandkishor/pico/pico-sdk/src/rp2_common/pico_stdio_uart/stdio_uart.c.obj
                0x10001b64                stdio_uart_in_chars
 .text.on_uart_rx
                0x10001bf0       0x28 CMakeFiles/uart_baremetal.dir/C_/Users/Nandkishor/pico/pico-sdk/src/rp2_common/pico_stdio_uart/stdio_uart.c.obj
 .text.stdio_uart_out_flush
                0x10001c18       0x14 CMakeFiles/uart_baremetal.dir/C_/Users/Nandkishor/pico/pico-sdk/src/rp2_common/pico_stdio_uart/stdio_uart.c.obj
 .text.stdio_uart_set_chars_available_callback
                0x10001c2c       0x84 CMakeFiles/uart_baremetal.dir/C_/Users/Nandkishor/pico/pico-sdk/src/rp2_common/pico_stdio_uart/stdio_uart.c.obj
 .text.stdio_uart_init
                0x10001cb0       0x50 CMakeFiles/uart_baremetal.dir/C_/Users/Nandkishor/pico/pico-sdk/src/rp2_common/pico_stdio_uart/stdio_uart.c.obj
                0x10001cb0                stdio_uart_init
 .text.strlen   0x10001d00       0x60 C:/Program Files (x86)/Arm/GNU Toolchain mingw-w64-i686-arm-none-eabi/bin/../lib/gcc/arm-none-eabi/15.2.1/../../../../arm-none-eabi/lib/thumb/v6-m/nofp\libg.a(libc_a-strlen-stub.o)
                0x10001d00                strlen
 *(.fini)
 .fini          0x10001d60        0x4 C:/Program Files (x86)/Arm/GNU Toolchain mingw-w64-i686-arm-none-eabi/bin/../lib/gcc/arm-none-eabi/15.2.1/thumb/v6-m/nofp/crti.o
                0x10001d60                _fini
 *fill*         0x10001d64        0x4 
 .fini.__stub   0x10001d68       0x30 linker stubs
 *crtbegin.o(.ctors)
 *crtbegin?.o(.ctors)
 *(EXCLUDE_FILE(*crtend.o *crtend?.o) .ctors)
 *(SORT_BY_NAME(.ctors.*))
 *(.ctors)
 *crtbegin.o(.dtors)
 *crtbegin?.o(.dtors)
 *(EXCLUDE_FILE(*crtend.o *crtend?.o) .dtors)
 *(SORT_BY_NAME(.dtors.*))
 *(.dtors)
                0x10001d98                        . = ALIGN (0x4)
                0x10001d98                        PROVIDE (__preinit_array_start = .)
 *(SORT_BY_NAME(.preinit_array.*))
 .preinit_array.00100
                0x10001d98        0x4 CMakeFiles/uart_baremetal.dir/C_/Users/Nandkishor/pico/pico-sdk/src/rp2_common/pico_runtime_init/runtime_init.c.obj
                0x10001d98                __pre_init_runtime_init_early_resets
 .preinit_array.00101
                0x10001d9c        0x4 CMakeFiles/uart_baremetal.dir/C_/Users/Nandkishor/pico/pico-sdk/src/rp2_common/pico_runtime_init/runtime_init.c.obj
                0x10001d9c                __pre_init_runtime_init_usb_power_down
 .preinit_array.00275
                0x10001da0        0x4 CMakeFiles/uart_baremetal.dir/C_/Users/Nandkishor/pico/pico-sdk/src/rp2_common/pico_bit_ops/bit_ops_aeabi.S.obj
 .preinit_array.00300
                0x10001da4        0x4 CMakeFiles/uart_baremetal.dir/C_/Users/Nandkishor/pico/pico-sdk/src/rp2_common/pico_mem_ops/mem_ops_aeabi.S.obj
 .preinit_array.00350
                0x10001da8        0x4 CMakeFiles/uart_baremetal.dir/C_/Users/Nandkishor/pico/pico-sdk/src/rp2_common/pico_double/double_aeabi_rp2040.S.obj
 .preinit_array.00350
                0x10001dac        0x4 CMakeFiles/uart_baremetal.dir/C_/Users/Nandkishor/pico/pico-sdk/src/rp2_common/pico_float/float_aeabi_rp2040.S.obj
 .preinit_array.00500
                0x10001db0        0x4 CMakeFiles/uart_baremetal.dir/C_/Users/Nandkishor/pico/pico-sdk/src/rp2_common/pico_runtime_init/runtime_init.c.obj
                0x10001db0                __pre_init_runtime_init_clocks
 .preinit_array.00600
                0x10001db4        0x4 CMakeFiles/uart_baremetal.dir/C_/Users/Nandkishor/pico/pico-sdk/src/rp2_common/pico_runtime_init/runtime_init.c.obj
                0x10001db4                __pre_init_runtime_init_post_clock_resets
 .preinit_array.00700
                0x10001db8        0x4 CMakeFiles/uart_baremetal.dir/C_/Users/Nandkishor/pico/pico-sdk/src/rp2_common/pico_runtime_init/runtime_init.c.obj
                0x10001db8                __pre_init_runtime_init_rp2040_gpio_ie_disable
 .preinit_array.01000
                0x10001dbc        0x4 CMakeFiles/uart_baremetal.dir/C_/Users/Nandkishor/pico/pico-sdk/src/rp2_common/pico_runtime_init/runtime_init.c.obj
                0x10001dbc                __pre_init_runtime_init_spin_locks_reset
 .preinit_array.01100
                0x10001dc0        0x4 CMakeFiles/uart_baremetal.dir/C_/Users/Nandkishor/pico/pico-sdk/src/common/pico_sync/mutex.c.obj
                0x10001dc0                __pre_init_runtime_init_mutex
 .preinit_array.10080
                0x10001dc4        0x4 CMakeFiles/uart_baremetal.dir/C_/Users/Nandkishor/pico/pico-sdk/src/rp2_common/pico_runtime_init/runtime_init.c.obj
                0x10001dc4                __pre_init_runtime_init_install_ram_vector_table
 .preinit_array.11000
                0x10001dc8        0x4 CMakeFiles/uart_baremetal.dir/C_/Users/Nandkishor/pico/pico-sdk/src/common/pico_time/time.c.obj
                0x10001dc8                __pre_init_runtime_init_default_alarm_pool
 .preinit_array.YYYYY
                0x10001dcc        0x4 CMakeFiles/uart_baremetal.dir/C_/Users/Nandkishor/pico/pico-sdk/src/rp2_common/pico_runtime/runtime.c.obj
                0x10001dcc                __pre_init_first_per_core_initializer
 .preinit_array.ZZZZZ.01200
                0x10001dd0        0x4 CMakeFiles/uart_baremetal.dir/C_/Users/Nandkishor/pico/pico-sdk/src/rp2_common/hardware_irq/irq.c.obj
                0x10001dd0                __pre_init_runtime_init_per_core_irq_priorities
 *(.preinit_array)
                0x10001dd4                        PROVIDE (__preinit_array_end = .)
                0x10001dd4                        . = ALIGN (0x4)
                0x10001dd4                        PROVIDE (__init_array_start = .)
 *(SORT_BY_NAME(.init_array.*))
 *(.init_array)
 .init_array    0x10001dd4        0x4 C:/Program Files (x86)/Arm/GNU Toolchain mingw-w64-i686-arm-none-eabi/bin/../lib/gcc/arm-none-eabi/15.2.1/thumb/v6-m/nofp/crtbegin.o
                0x10001dd8                        PROVIDE (__init_array_end = .)
                0x10001dd8                        . = ALIGN (0x4)
                [!provide]                        PROVIDE (__fini_array_start = .)
 *(SORT_BY_NAME(.fini_array.*))
 *(.fini_array)
                [!provide]                        PROVIDE (__fini_array_end = .)
 *(.eh_frame*)
 .eh_frame      0x10001dd8        0x0 C:/Program Files (x86)/Arm/GNU Toolchain mingw-w64-i686-arm-none-eabi/bin/../lib/gcc/arm-none-eabi/15.2.1/thumb/v6-m/nofp/crtbegin.o
                0x10001dd8                        . = ALIGN (0x4)

.glue_7         0x10001dd8        0x0
 .glue_7        0x10001dd8        0x0 linker stubs

.glue_7t        0x10001dd8        0x0
 .glue_7t       0x10001dd8        0x0 linker stubs

.vfp11_veneer   0x10001dd8        0x0
 .vfp11_veneer  0x10001dd8        0x0 linker stubs

.v4_bx          0x10001dd8        0x0
 .v4_bx         0x10001dd8        0x0 linker stubs

.iplt           0x10001dd8        0x0
 .iplt          0x10001dd8        0x0 C:/Program Files (x86)/Arm/GNU Toolchain mingw-w64-i686-arm-none-eabi/bin/../lib/gcc/arm-none-eabi/15.2.1/thumb/v6-m/nofp/crtbegin.o

.rodata         0x10001dd8      0x13c
 *(EXCLUDE_FILE(*libm.a: *libc.a:*lib_a-mem*.o *libgcc.a:) .rodata*)
 .rodata.main.str1.4
                0x10001dd8       0xc8 CMakeFiles/uart_baremetal.dir/src/main.c.obj
                                 0x11 (size before relaxing)
 .rodata.panic.str1.4
                0x10001ea0        0x0 CMakeFiles/uart_baremetal.dir/C_/Users/Nandkishor/pico/pico-sdk/src/rp2_common/pico_platform_panic/panic.c.obj
                                 0x12 (size before relaxing)
 .rodata.timer_hardware_alarm_claim.str1.4
                0x10001ea0        0x0 CMakeFiles/uart_baremetal.dir/C_/Users/Nandkishor/pico/pico-sdk/src/rp2_common/hardware_timer/timer.c.obj
                                 0x22 (size before relaxing)
 .rodata.hard_assertion_failure.str1.4
                0x10001ea0        0x0 CMakeFiles/uart_baremetal.dir/C_/Users/Nandkishor/pico/pico-sdk/src/rp2_common/pico_runtime/runtime.c.obj
                                  0xc (size before relaxing)
 .rodata.str1.4
                0x10001ea0        0x0 CMakeFiles/uart_baremetal.dir/C_/Users/Nandkishor/pico/pico-sdk/src/rp2_common/pico_standard_binary_info/standard_binary_info.c.obj
                                 0x44 (size before relaxing)
 .rodata.__bi_84
                0x10001ea0        0xc CMakeFiles/uart_baremetal.dir/C_/Users/Nandkishor/pico/pico-sdk/src/rp2_common/pico_standard_binary_info/standard_binary_info.c.obj
 .rodata.__bi_78
                0x10001eac        0xc CMakeFiles/uart_baremetal.dir/C_/Users/Nandkishor/pico/pico-sdk/src/rp2_common/pico_standard_binary_info/standard_binary_info.c.obj
 .rodata.__bi_54
                0x10001eb8        0xc CMakeFiles/uart_baremetal.dir/C_/Users/Nandkishor/pico/pico-sdk/src/rp2_common/pico_standard_binary_info/standard_binary_info.c.obj
 .rodata.__bi_48
                0x10001ec4        0xc CMakeFiles/uart_baremetal.dir/C_/Users/Nandkishor/pico/pico-sdk/src/rp2_common/pico_standard_binary_info/standard_binary_info.c.obj
 .rodata.__bi_42
                0x10001ed0        0xc CMakeFiles/uart_baremetal.dir/C_/Users/Nandkishor/pico/pico-sdk/src/rp2_common/pico_standard_binary_info/standard_binary_info.c.obj
 .rodata.__bi_34
                0x10001edc        0xc CMakeFiles/uart_baremetal.dir/C_/Users/Nandkishor/pico/pico-sdk/src/rp2_common/pico_standard_binary_info/standard_binary_info.c.obj
 .rodata.__bi_26
                0x10001ee8        0xc CMakeFiles/uart_baremetal.dir/C_/Users/Nandkishor/pico/pico-sdk/src/rp2_common/pico_standard_binary_info/standard_binary_info.c.obj
 .rodata.crlf_str.0
                0x10001ef4        0x2 CMakeFiles/uart_baremetal.dir/C_/Users/Nandkishor/pico/pico-sdk/src/rp2_common/pico_stdio/stdio.c.obj
 .rodata.str1.4
                0x10001ef6        0x0 CMakeFiles/uart_baremetal.dir/C_/Users/Nandkishor/pico/pico-sdk/src/rp2_common/pico_stdio_uart/stdio_uart.c.obj
                                 0x2c (size before relaxing)
 *fill*         0x10001ef6        0x2 
 .rodata.__bi_45.4
                0x10001ef8        0xc CMakeFiles/uart_baremetal.dir/C_/Users/Nandkishor/pico/pico-sdk/src/rp2_common/pico_stdio_uart/stdio_uart.c.obj
 .rodata.__bi_49.5
                0x10001f04        0x8 CMakeFiles/uart_baremetal.dir/C_/Users/Nandkishor/pico/pico-sdk/src/rp2_common/pico_stdio_uart/stdio_uart.c.obj
 .rodata.__bi_50.6
                0x10001f0c        0x8 CMakeFiles/uart_baremetal.dir/C_/Users/Nandkishor/pico/pico-sdk/src/rp2_common/pico_stdio_uart/stdio_uart.c.obj
                0x10001f14                        . = ALIGN (0x4)
 *(SORT_BY_ALIGNMENT(SORT_BY_NAME(.flashdata*)))
                0x10001f14                        . = ALIGN (0x4)

.ARM.extab
 *(.ARM.extab* .gnu.linkonce.armextab.*)
                0x10001f14                        __exidx_start = .

.ARM.exidx
 *(.ARM.exidx* .gnu.linkonce.armexidx.*)
                0x10001f14                        __exidx_end = .
                0x10001f14                        . = ALIGN (0x4)
                0x10001f14                        __binary_info_start = .

.binary_info    0x10001f14       0x28
 *(.binary_info.keep.*)
 .binary_info.keep.__bi_ptr84
                0x10001f14        0x4 CMakeFiles/uart_baremetal.dir/C_/Users/Nandkishor/pico/pico-sdk/src/rp2_common/pico_standard_binary_info/standard_binary_info.c.obj
 .binary_info.keep.__bi_ptr78
                0x10001f18        0x4 CMakeFiles/uart_baremetal.dir/C_/Users/Nandkishor/pico/pico-sdk/src/rp2_common/pico_standard_binary_info/standard_binary_info.c.obj
 .binary_info.keep.__bi_ptr54
                0x10001f1c        0x4 CMakeFiles/uart_baremetal.dir/C_/Users/Nandkishor/pico/pico-sdk/src/rp2_common/pico_standard_binary_info/standard_binary_info.c.obj
 .binary_info.keep.__bi_ptr48
                0x10001f20        0x4 CMakeFiles/uart_baremetal.dir/C_/Users/Nandkishor/pico/pico-sdk/src/rp2_common/pico_standard_binary_info/standard_binary_info.c.obj
 .binary_info.keep.__bi_ptr42
                0x10001f24        0x4 CMakeFiles/uart_baremetal.dir/C_/Users/Nandkishor/pico/pico-sdk/src/rp2_common/pico_standard_binary_info/standard_binary_info.c.obj
 .binary_info.keep.__bi_ptr34
                0x10001f28        0x4 CMakeFiles/uart_baremetal.dir/C_/Users/Nandkishor/pico/pico-sdk/src/rp2_common/pico_standard_binary_info/standard_binary_info.c.obj
 .binary_info.keep.__bi_ptr26
                0x10001f2c        0x4 CMakeFiles/uart_baremetal.dir/C_/Users/Nandkishor/pico/pico-sdk/src/rp2_common/pico_standard_binary_info/standard_binary_info.c.obj
 *(.binary_info.*)
 .binary_info.__bi_ptr50
                0x10001f30        0x4 CMakeFiles/uart_baremetal.dir/C_/Users/Nandkishor/pico/pico-sdk/src/rp2_common/pico_stdio_uart/stdio_uart.c.obj
 .binary_info.__bi_ptr49
                0x10001f34        0x4 CMakeFiles/uart_baremetal.dir/C_/Users/Nandkishor/pico/pico-sdk/src/rp2_common/pico_stdio_uart/stdio_uart.c.obj
 .binary_info.__bi_ptr45
                0x10001f38        0x4 CMakeFiles/uart_baremetal.dir/C_/Users/Nandkishor/pico/pico-sdk/src/rp2_common/pico_stdio_uart/stdio_uart.c.obj
                0x10001f3c                        __binary_info_end = .
                0x10001f3c                        . = ALIGN (0x4)

.ram_vector_table
                0x20000000       0xc0
 *(.ram_vector_table)
 .ram_vector_table
                0x20000000       0xc0 CMakeFiles/uart_baremetal.dir/C_/Users/Nandkishor/pico/pico-sdk/src/rp2_common/pico_runtime_init/runtime_init.c.obj
                0x20000000                ram_vector_table

.uninitialized_data
                0x200000c0        0x0
                0x200000c0                        . = ALIGN (0x4)
 *(.uninitialized_data*)

.data           0x200000c0      0x180 load address 0x10001f3c
                0x200000c0                        __data_start__ = .
 *(vtable)
 *(.time_critical*)
 .time_critical.mutex_try_enter_block_until
                0x200000c0       0x98 CMakeFiles/uart_baremetal.dir/C_/Users/Nandkishor/pico/pico-sdk/src/common/pico_sync/mutex.c.obj
                0x200000c0                mutex_try_enter_block_until
 .time_critical.mutex_exit
                0x20000158       0x28 CMakeFiles/uart_baremetal.dir/C_/Users/Nandkishor/pico/pico-sdk/src/common/pico_sync/mutex.c.obj
                0x20000158                mutex_exit
 *(.text*)
 .text          0x20000180        0x4 C:/Program Files (x86)/Arm/GNU Toolchain mingw-w64-i686-arm-none-eabi/bin/../lib/gcc/arm-none-eabi/15.2.1/thumb/v6-m/nofp\libgcc.a(_dvmd_tls.o)
                0x20000180                __aeabi_idiv0
                0x20000180                __aeabi_ldiv0
 *fill*         0x20000184        0x4 
 .text.__stub   0x20000188       0x10 linker stubs
                0x20000198                        . = ALIGN (0x4)
 *(.rodata*)
                0x20000198                        . = ALIGN (0x4)
 *(.data*)
 .data.striped_spin_lock_num
                0x20000198        0x1 CMakeFiles/uart_baremetal.dir/C_/Users/Nandkishor/pico/pico-sdk/src/rp2_common/hardware_sync/sync.c.obj
 *fill*         0x20000199        0x3 
 .data          0x2000019c       0x48 CMakeFiles/uart_baremetal.dir/C_/Users/Nandkishor/pico/pico-sdk/src/rp2_common/hardware_irq/irq_handler_chain.S.obj
                0x2000019c                irq_handler_chain_slots
                0x200001cc                irq_handler_chain_first_slot
                0x200001d6                irq_handler_chain_remove_tail
 .data.default_alarm_pool
                0x200001e4       0x18 CMakeFiles/uart_baremetal.dir/C_/Users/Nandkishor/pico/pico-sdk/src/common/pico_time/time.c.obj
 *fill*         0x200001fc        0x4 
 .data.aeabi_bits_funcs
                0x20000200       0x10 CMakeFiles/uart_baremetal.dir/C_/Users/Nandkishor/pico/pico-sdk/src/rp2_common/pico_bit_ops/bit_ops_aeabi.S.obj
                0x20000200                aeabi_bits_funcs
                0x20000210                aeabi_bits_funcs_end
 .data.aeabi_mem_funcs
                0x20000210       0x10 CMakeFiles/uart_baremetal.dir/C_/Users/Nandkishor/pico/pico-sdk/src/rp2_common/pico_mem_ops/mem_ops_aeabi.S.obj
                0x20000210                aeabi_mem_funcs
                0x20000220                aeabi_mem_funcs_end
 .data.stdio_uart
                0x20000220       0x18 CMakeFiles/uart_baremetal.dir/C_/Users/Nandkishor/pico/pico-sdk/src/rp2_common/pico_stdio_uart/stdio_uart.c.obj
                0x20000220                stdio_uart
                0x20000238                        . = ALIGN (0x4)
 *(.after_data.*)
                0x20000238                        . = ALIGN (0x4)
                0x20000238                        PROVIDE (__mutex_array_start = .)
 *(SORT_BY_NAME(.mutex_array.*))
 *(.mutex_array)
 .mutex_array   0x20000238        0x8 CMakeFiles/uart_baremetal.dir/C_/Users/Nandkishor/pico/pico-sdk/src/rp2_common/pico_stdio/stdio.c.obj
                0x20000240                        PROVIDE (__mutex_array_end = .)
                0x20000240                        . = ALIGN (0x4)
 *(.jcr)
                0x20000240                        . = ALIGN (0x4)

.tm_clone_table
                0x20000240        0x0 load address 0x100020bc
 .tm_clone_table
                0x20000240        0x0 C:/Program Files (x86)/Arm/GNU Toolchain mingw-w64-i686-arm-none-eabi/bin/../lib/gcc/arm-none-eabi/15.2.1/thumb/v6-m/nofp/crtbegin.o
 .tm_clone_table
                0x20000240        0x0 C:/Program Files (x86)/Arm/GNU Toolchain mingw-w64-i686-arm-none-eabi/bin/../lib/gcc/arm-none-eabi/15.2.1/thumb/v6-m/nofp/crtend.o

.igot.plt       0x20000240        0x0 load address 0x100020bc
 .igot.plt      0x20000240        0x0 C:/Program Files (x86)/Arm/GNU Toolchain mingw-w64-i686-arm-none-eabi/bin/../lib/gcc/arm-none-eabi/15.2.1/thumb/v6-m/nofp/crtbegin.o

.tdata          0x20000240        0x0 load address 0x100020bc
                0x20000240                        . = ALIGN (0x4)
 *(.tdata .tdata.* .gnu.linkonce.td.*)
                0x20000240                        __tdata_end = .
                0x20000240                        PROVIDE (__data_end__ = .)
                0x10001f3c                        __etext = LOADADDR (.data)

.tbss           0x20000240        0x0 load address 0x100020bc
                0x20000240                        . = ALIGN (0x4)
                0x20000240                        __bss_start__ = .
                0x20000240                        __tls_base = .
 *(.tbss .tbss.* .gnu.linkonce.tb.*)
 *(.tcommon)
                0x20000240                        __tls_end = .

.bss            0x20000240      0x3fc load address 0x100020bc
                0x20000240                        . = ALIGN (0x4)
                0x20000240                        __tbss_end = .
 *(SORT_BY_ALIGNMENT(SORT_BY_NAME(.bss*)))
 .bss.default_alarm_pool_entries
                0x20000240      0x180 CMakeFiles/uart_baremetal.dir/C_/Users/Nandkishor/pico/pico-sdk/src/common/pico_time/time.c.obj
 .bss.sd_table  0x200003c0      0x100 CMakeFiles/uart_baremetal.dir/C_/Users/Nandkishor/pico/pico-sdk/src/rp2_common/pico_double/double_init_rom_rp2040.c.obj
                0x200003c0                sd_table
 .bss.sf_table  0x200004c0      0x100 CMakeFiles/uart_baremetal.dir/C_/Users/Nandkishor/pico/pico-sdk/src/rp2_common/pico_float/float_init_rom_rp2040.c.obj
                0x200004c0                sf_table
 .bss.chars_available_callback
                0x200005c0        0x4 CMakeFiles/uart_baremetal.dir/C_/Users/Nandkishor/pico/pico-sdk/src/rp2_common/pico_stdio_uart/stdio_uart.c.obj
 .bss.chars_available_param
                0x200005c4        0x4 CMakeFiles/uart_baremetal.dir/C_/Users/Nandkishor/pico/pico-sdk/src/rp2_common/pico_stdio_uart/stdio_uart.c.obj
 .bss.claimed   0x200005c8        0x1 CMakeFiles/uart_baremetal.dir/C_/Users/Nandkishor/pico/pico-sdk/src/rp2_common/hardware_timer/timer.c.obj
 *fill*         0x200005c9        0x3 
 .bss.configured_freq
                0x200005cc       0x28 CMakeFiles/uart_baremetal.dir/C_/Users/Nandkishor/pico/pico-sdk/src/rp2_common/hardware_clocks/clocks.c.obj
 .bss.drivers   0x200005f4        0x4 CMakeFiles/uart_baremetal.dir/C_/Users/Nandkishor/pico/pico-sdk/src/rp2_common/pico_stdio/stdio.c.obj
 .bss.filter    0x200005f8        0x4 CMakeFiles/uart_baremetal.dir/C_/Users/Nandkishor/pico/pico-sdk/src/rp2_common/pico_stdio/stdio.c.obj
 .bss.lazy_vsnprintf
                0x200005fc        0x4 CMakeFiles/uart_baremetal.dir/C_/Users/Nandkishor/pico/pico-sdk/src/rp2_common/pico_printf/printf.c.obj
 .bss.object.0  0x20000600       0x18 C:/Program Files (x86)/Arm/GNU Toolchain mingw-w64-i686-arm-none-eabi/bin/../lib/gcc/arm-none-eabi/15.2.1/thumb/v6-m/nofp/crtbegin.o
 .bss.pools     0x20000618       0x10 CMakeFiles/uart_baremetal.dir/C_/Users/Nandkishor/pico/pico-sdk/src/common/pico_time/time.c.obj
 .bss.sf_clz_func
                0x20000628        0x4 CMakeFiles/uart_baremetal.dir/C_/Users/Nandkishor/pico/pico-sdk/src/rp2_common/pico_double/double_init_rom_rp2040.c.obj
                0x20000628                sf_clz_func
 .bss.sleep_notifier
                0x2000062c        0x4 CMakeFiles/uart_baremetal.dir/C_/Users/Nandkishor/pico/pico-sdk/src/common/pico_time/time.c.obj
 .bss.uart_char_to_line_feed
                0x20000630        0x4 CMakeFiles/uart_baremetal.dir/C_/Users/Nandkishor/pico/pico-sdk/src/rp2_common/hardware_uart/uart.c.obj
                0x20000630                uart_char_to_line_feed
 .bss.uart_instance
                0x20000634        0x4 CMakeFiles/uart_baremetal.dir/C_/Users/Nandkishor/pico/pico-sdk/src/rp2_common/pico_stdio_uart/stdio_uart.c.obj
 .bss.irq_handler_chain_free_slot_head
                0x20000638        0x1 CMakeFiles/uart_baremetal.dir/C_/Users/Nandkishor/pico/pico-sdk/src/rp2_common/hardware_irq/irq.c.obj
 *(COMMON)
                0x2000063c                        . = ALIGN (0x4)
 *fill*         0x20000639        0x3 
                0x2000063c                        __bss_end__ = .

.heap           0x2000063c      0x800 load address 0x100020bc
                0x2000063c                        __end__ = .
                0x2000063c                        end = __end__
 *(.heap*)
 .heap          0x2000063c      0x800 CMakeFiles/uart_baremetal.dir/C_/Users/Nandkishor/pico/pico-sdk/src/rp2_common/pico_crt0/crt0.S.obj
                0x20040000                        __HeapLimit = (ORIGIN (RAM) + LENGTH (RAM))

.scratch_x      0x20040000        0x0 load address 0x100020bc
                0x20040000                        __scratch_x_start__ = .
 *(.scratch_x.*)
                0x20040000                        . = ALIGN (0x4)
                0x20040000                        __scratch_x_end__ = .
                0x100020bc                        __scratch_x_source__ = LOADADDR (.scratch_x)

.scratch_y      0x20041000        0x0 load address 0x100020bc
                0x20041000                        __scratch_y_start__ = .
 *(.scratch_y.*)
                0x20041000                        . = ALIGN (0x4)
                0x20041000                        __scratch_y_end__ = .
                0x100020bc                        __scratch_y_source__ = LOADADDR (.scratch_y)

.stack1_dummy
 *(.stack1*)

.stack_dummy    0x20041000      0x800
 *(.stack*)
 .stack         0x20041000      0x800 CMakeFiles/uart_baremetal.dir/C_/Users/Nandkishor/pico/pico-sdk/src/rp2_common/pico_crt0/crt0.S.obj

.rel.dyn        0x20041800        0x0
 .rel.iplt      0x20041800        0x0 C:/Program Files (x86)/Arm/GNU Toolchain mingw-w64-i686-arm-none-eabi/bin/../lib/gcc/arm-none-eabi/15.2.1/thumb/v6-m/nofp/crtbegin.o

.flash_end      0x100020bc        0x0
 *(.embedded_end_block*)
                0x100020bc                        PROVIDE (__flash_binary_end = .)
                0x20040000                        __StackLimit = (ORIGIN (RAM) + LENGTH (RAM))
                0x20041000                        __StackOneTop = (ORIGIN (SCRATCH_X) + LENGTH (SCRATCH_X))
                0x20042000                        __StackTop = (ORIGIN (SCRATCH_Y) + LENGTH (SCRATCH_Y))
                0x20041000                        __StackOneBottom = (__StackOneTop - SIZEOF (.stack1_dummy))
                0x20041800                        __StackBottom = (__StackTop - SIZEOF (.stack_dummy))
                0x20042000                        PROVIDE (__stack = __StackTop)
                [!provide]                        PROVIDE (__heap_start = __end__)
                [!provide]                        PROVIDE (__heap_end = __HeapLimit)
                [!provide]                        PROVIDE (__tls_align = MAX (ALIGNOF (.tdata), ALIGNOF (.tbss)))
                [!provide]                        PROVIDE (__tls_size_align = (((__tls_size + __tls_align) - 0x1) & ~ ((__tls_align - 0x1))))
                [!provide]                        PROVIDE (__arm32_tls_tcb_offset = MAX (0x8, __tls_align))
                [!provide]                        PROVIDE (_end = __end__)
                [!provide]                        PROVIDE (__llvm_libc_heap_limit = __HeapLimit)
                0x00000001                        ASSERT ((__StackLimit >= __HeapLimit), region RAM overflowed)
                0x00000001                        ASSERT (((__binary_info_header_end - __logical_binary_start) <= 0x100), Binary info must be in first 256 bytes of the binary)
LOAD CMakeFiles/uart_baremetal.dir/src/main.c.obj
LOAD CMakeFiles/uart_baremetal.dir/C_/Users/Nandkishor/pico/pico-sdk/src/rp2_common/pico_stdlib/stdlib.c.obj
LOAD CMakeFiles/uart_baremetal.dir/C_/Users/Nandkishor/pico/pico-sdk/src/rp2_common/hardware_gpio/gpio.c.obj
LOAD CMakeFiles/uart_baremetal.dir/C_/Users/Nandkishor/pico/pico-sdk/src/rp2040/pico_platform/platform.c.obj
LOAD CMakeFiles/uart_baremetal.dir/C_/Users/Nandkishor/pico/pico-sdk/src/rp2_common/pico_platform_common/common.c.obj
LOAD CMakeFiles/uart_baremetal.dir/C_/Users/Nandkishor/pico/pico-sdk/src/rp2_common/pico_platform_panic/panic.c.obj
LOAD CMakeFiles/uart_baremetal.dir/C_/Users/Nandkishor/pico/pico-sdk/src/common/hardware_claim/claim.c.obj
LOAD CMakeFiles/uart_baremetal.dir/C_/Users/Nandkishor/pico/pico-sdk/src/rp2_common/hardware_sync/sync.c.obj
LOAD CMakeFiles/uart_baremetal.dir/C_/Users/Nandkishor/pico/pico-sdk/src/rp2_common/hardware_sync_spin_lock/sync_spin_lock.c.obj
LOAD CMakeFiles/uart_baremetal.dir/C_/Users/Nandkishor/pico/pico-sdk/src/rp2_common/hardware_irq/irq.c.obj
LOAD CMakeFiles/uart_baremetal.dir/C_/Users/Nandkishor/pico/pico-sdk/src/rp2_common/hardware_irq/irq_handler_chain.S.obj
LOAD CMakeFiles/uart_baremetal.dir/C_/Users/Nandkishor/pico/pico-sdk/src/common/pico_sync/sem.c.obj
LOAD CMakeFiles/uart_baremetal.dir/C_/Users/Nandkishor/pico/pico-sdk/src/common/pico_sync/lock_core.c.obj
LOAD CMakeFiles/uart_baremetal.dir/C_/Users/Nandkishor/pico/pico-sdk/src/common/pico_sync/mutex.c.obj
LOAD CMakeFiles/uart_baremetal.dir/C_/Users/Nandkishor/pico/pico-sdk/src/common/pico_sync/critical_section.c.obj
LOAD CMakeFiles/uart_baremetal.dir/C_/Users/Nandkishor/pico/pico-sdk/src/common/pico_time/time.c.obj
LOAD CMakeFiles/uart_baremetal.dir/C_/Users/Nandkishor/pico/pico-sdk/src/common/pico_time/timeout_helper.c.obj
LOAD CMakeFiles/uart_baremetal.dir/C_/Users/Nandkishor/pico/pico-sdk/src/rp2_common/hardware_timer/timer.c.obj
LOAD CMakeFiles/uart_baremetal.dir/C_/Users/Nandkishor/pico/pico-sdk/src/common/pico_util/datetime.c.obj
LOAD CMakeFiles/uart_baremetal.dir/C_/Users/Nandkishor/pico/pico-sdk/src/common/pico_util/pheap.c.obj
LOAD CMakeFiles/uart_baremetal.dir/C_/Users/Nandkishor/pico/pico-sdk/src/common/pico_util/queue.c.obj
LOAD CMakeFiles/uart_baremetal.dir/C_/Users/Nandkishor/pico/pico-sdk/src/rp2_common/hardware_uart/uart.c.obj
LOAD CMakeFiles/uart_baremetal.dir/C_/Users/Nandkishor/pico/pico-sdk/src/rp2_common/hardware_clocks/clocks.c.obj
LOAD CMakeFiles/uart_baremetal.dir/C_/Users/Nandkishor/pico/pico-sdk/src/rp2_common/hardware_pll/pll.c.obj
LOAD CMakeFiles/uart_baremetal.dir/C_/Users/Nandkishor/pico/pico-sdk/src/rp2_common/hardware_vreg/vreg.c.obj
LOAD CMakeFiles/uart_baremetal.dir/C_/Users/Nandkishor/pico/pico-sdk/src/rp2_common/hardware_watchdog/watchdog.c.obj
LOAD CMakeFiles/uart_baremetal.dir/C_/Users/Nandkishor/pico/pico-sdk/src/rp2_common/hardware_ticks/ticks.c.obj
LOAD CMakeFiles/uart_baremetal.dir/C_/Users/Nandkishor/pico/pico-sdk/src/rp2_common/pico_bootrom/bootrom.c.obj
LOAD CMakeFiles/uart_baremetal.dir/C_/Users/Nandkishor/pico/pico-sdk/src/rp2_common/pico_bootrom/bootrom_lock.c.obj
LOAD CMakeFiles/uart_baremetal.dir/C_/Users/Nandkishor/pico/pico-sdk/src/rp2_common/hardware_boot_lock/boot_lock.c.obj
LOAD CMakeFiles/uart_baremetal.dir/C_/Users/Nandkishor/pico/pico-sdk/src/rp2_common/pico_flash/flash.c.obj
LOAD CMakeFiles/uart_baremetal.dir/C_/Users/Nandkishor/pico/pico-sdk/src/rp2_common/hardware_xosc/xosc.c.obj
LOAD CMakeFiles/uart_baremetal.dir/C_/Users/Nandkishor/pico/pico-sdk/src/rp2_common/hardware_divider/divider.S.obj
LOAD CMakeFiles/uart_baremetal.dir/C_/Users/Nandkishor/pico/pico-sdk/src/rp2_common/pico_runtime/runtime.c.obj
LOAD CMakeFiles/uart_baremetal.dir/C_/Users/Nandkishor/pico/pico-sdk/src/rp2_common/pico_runtime_init/runtime_init.c.obj
LOAD CMakeFiles/uart_baremetal.dir/C_/Users/Nandkishor/pico/pico-sdk/src/rp2_common/pico_runtime_init/runtime_init_clocks.c.obj
LOAD CMakeFiles/uart_baremetal.dir/C_/Users/Nandkishor/pico/pico-sdk/src/rp2_common/pico_runtime_init/runtime_init_stack_guard.c.obj
LOAD CMakeFiles/uart_baremetal.dir/C_/Users/Nandkishor/pico/pico-sdk/src/rp2_common/pico_bit_ops/bit_ops_aeabi.S.obj
LOAD CMakeFiles/uart_baremetal.dir/C_/Users/Nandkishor/pico/pico-sdk/src/rp2_common/pico_divider/divider_hardware.S.obj
LOAD CMakeFiles/uart_baremetal.dir/C_/Users/Nandkishor/pico/pico-sdk/src/rp2_common/pico_double/double_aeabi_rp2040.S.obj
LOAD CMakeFiles/uart_baremetal.dir/C_/Users/Nandkishor/pico/pico-sdk/src/rp2_common/pico_double/double_init_rom_rp2040.c.obj
LOAD CMakeFiles/uart_baremetal.dir/C_/Users/Nandkishor/pico/pico-sdk/src/rp2_common/pico_double/double_math.c.obj
LOAD CMakeFiles/uart_baremetal.dir/C_/Users/Nandkishor/pico/pico-sdk/src/rp2_common/pico_double/double_v1_rom_shim_rp2040.S.obj
LOAD CMakeFiles/uart_baremetal.dir/C_/Users/Nandkishor/pico/pico-sdk/src/rp2_common/pico_int64_ops/pico_int64_ops_aeabi.S.obj
LOAD CMakeFiles/uart_baremetal.dir/C_/Users/Nandkishor/pico/pico-sdk/src/rp2_common/pico_float/float_aeabi_rp2040.S.obj
LOAD CMakeFiles/uart_baremetal.dir/C_/Users/Nandkishor/pico/pico-sdk/src/rp2_common/pico_float/float_init_rom_rp2040.c.obj
LOAD CMakeFiles/uart_baremetal.dir/C_/Users/Nandkishor/pico/pico-sdk/src/rp2_common/pico_float/float_math.c.obj
LOAD CMakeFiles/uart_baremetal.dir/C_/Users/Nandkishor/pico/pico-sdk/src/rp2_common/pico_float/float_v1_rom_shim_rp2040.S.obj
LOAD CMakeFiles/uart_baremetal.dir/C_/Users/Nandkishor/pico/pico-sdk/src/rp2_common/pico_malloc/malloc.c.obj
LOAD CMakeFiles/uart_baremetal.dir/C_/Users/Nandkishor/pico/pico-sdk/src/rp2_common/pico_mem_ops/mem_ops_aeabi.S.obj
LOAD CMakeFiles/uart_baremetal.dir/C_/Users/Nandkishor/pico/pico-sdk/src/rp2_common/pico_atomic/atomic.c.obj
LOAD CMakeFiles/uart_baremetal.dir/C_/Users/Nandkishor/pico/pico-sdk/src/rp2_common/pico_cxx_options/new_delete.cpp.obj
LOAD CMakeFiles/uart_baremetal.dir/C_/Users/Nandkishor/pico/pico-sdk/src/rp2_common/pico_standard_binary_info/standard_binary_info.c.obj
LOAD CMakeFiles/uart_baremetal.dir/C_/Users/Nandkishor/pico/pico-sdk/src/rp2_common/pico_printf/printf.c.obj
LOAD CMakeFiles/uart_baremetal.dir/C_/Users/Nandkishor/pico/pico-sdk/src/rp2_common/pico_crt0/crt0.S.obj
LOAD CMakeFiles/uart_baremetal.dir/C_/Users/Nandkishor/pico/pico-sdk/src/rp2_common/pico_clib_interface/newlib_interface.c.obj
LOAD CMakeFiles/uart_baremetal.dir/C_/Users/Nandkishor/pico/pico-sdk/src/rp2_common/pico_stdio/stdio.c.obj
LOAD CMakeFiles/uart_baremetal.dir/C_/Users/Nandkishor/pico/pico-sdk/src/rp2_common/pico_stdio_uart/stdio_uart.c.obj
LOAD pico-sdk/src/rp2040/boot_stage2/CMakeFiles/bs2_default_library.dir/./bs2_default_padded_checksummed.S.obj
LOAD C:/Program Files (x86)/Arm/GNU Toolchain mingw-w64-i686-arm-none-eabi/bin/../lib/gcc/arm-none-eabi/15.2.1/../../../../arm-none-eabi/lib/thumb/v6-m/nofp\libstdc++.a
LOAD C:/Program Files (x86)/Arm/GNU Toolchain mingw-w64-i686-arm-none-eabi/bin/../lib/gcc/arm-none-eabi/15.2.1/../../../../arm-none-eabi/lib/thumb/v6-m/nofp\libm.a
START GROUP
LOAD C:/Program Files (x86)/Arm/GNU Toolchain mingw-w64-i686-arm-none-eabi/bin/../lib/gcc/arm-none-eabi/15.2.1/thumb/v6-m/nofp\libgcc.a
LOAD C:/Program Files (x86)/Arm/GNU Toolchain mingw-w64-i686-arm-none-eabi/bin/../lib/gcc/arm-none-eabi/15.2.1/../../../../arm-none-eabi/lib/thumb/v6-m/nofp\libg.a
LOAD C:/Program Files (x86)/Arm/GNU Toolchain mingw-w64-i686-arm-none-eabi/bin/../lib/gcc/arm-none-eabi/15.2.1/../../../../arm-none-eabi/lib/thumb/v6-m/nofp\libc.a
END GROUP
START GROUP
LOAD C:/Program Files (x86)/Arm/GNU Toolchain mingw-w64-i686-arm-none-eabi/bin/../lib/gcc/arm-none-eabi/15.2.1/thumb/v6-m/nofp\libgcc.a
LOAD C:/Program Files (x86)/Arm/GNU Toolchain mingw-w64-i686-arm-none-eabi/bin/../lib/gcc/arm-none-eabi/15.2.1/../../../../arm-none-eabi/lib/thumb/v6-m/nofp\libc.a
LOAD C:/Program Files (x86)/Arm/GNU Toolchain mingw-w64-i686-arm-none-eabi/bin/../lib/gcc/arm-none-eabi/15.2.1/../../../../arm-none-eabi/lib/thumb/v6-m/nofp\libnosys.a
END GROUP
LOAD C:/Program Files (x86)/Arm/GNU Toolchain mingw-w64-i686-arm-none-eabi/bin/../lib/gcc/arm-none-eabi/15.2.1/thumb/v6-m/nofp/crtend.o
LOAD C:/Program Files (x86)/Arm/GNU Toolchain mingw-w64-i686-arm-none-eabi/bin/../lib/gcc/arm-none-eabi/15.2.1/thumb/v6-m/nofp/crtn.o
OUTPUT(uart_baremetal.elf elf32-littlearm)
LOAD linker stubs

.ARM.attributes
                0x00000000       0x28
 .ARM.attributes
                0x00000000       0x1e C:/Program Files (x86)/Arm/GNU Toolchain mingw-w64-i686-arm-none-eabi/bin/../lib/gcc/arm-none-eabi/15.2.1/thumb/v6-m/nofp/crti.o
 .ARM.attributes
                0x0000001e       0x2c C:/Program Files (x86)/Arm/GNU Toolchain mingw-w64-i686-arm-none-eabi/bin/../lib/gcc/arm-none-eabi/15.2.1/thumb/v6-m/nofp/crtbegin.o
 .ARM.attributes
                0x0000004a       0x2c CMakeFiles/uart_baremetal.dir/src/main.c.obj
 .ARM.attributes
                0x00000076       0x2c CMakeFiles/uart_baremetal.dir/C_/Users/Nandkishor/pico/pico-sdk/src/rp2_common/hardware_gpio/gpio.c.obj
 .ARM.attributes
                0x000000a2       0x2c CMakeFiles/uart_baremetal.dir/C_/Users/Nandkishor/pico/pico-sdk/src/rp2_common/pico_platform_panic/panic.c.obj
 .ARM.attributes
                0x000000ce       0x2c CMakeFiles/uart_baremetal.dir/C_/Users/Nandkishor/pico/pico-sdk/src/common/hardware_claim/claim.c.obj
 .ARM.attributes
                0x000000fa       0x2c CMakeFiles/uart_baremetal.dir/C_/Users/Nandkishor/pico/pico-sdk/src/rp2_common/hardware_sync/sync.c.obj
 .ARM.attributes
                0x00000126       0x2c CMakeFiles/uart_baremetal.dir/C_/Users/Nandkishor/pico/pico-sdk/src/rp2_common/hardware_sync_spin_lock/sync_spin_lock.c.obj
 .ARM.attributes
                0x00000152       0x2c CMakeFiles/uart_baremetal.dir/C_/Users/Nandkishor/pico/pico-sdk/src/rp2_common/hardware_irq/irq.c.obj
 .ARM.attributes
                0x0000017e       0x22 CMakeFiles/uart_baremetal.dir/C_/Users/Nandkishor/pico/pico-sdk/src/rp2_common/hardware_irq/irq_handler_chain.S.obj
 .ARM.attributes
                0x000001a0       0x2c CMakeFiles/uart_baremetal.dir/C_/Users/Nandkishor/pico/pico-sdk/src/common/pico_sync/lock_core.c.obj
 .ARM.attributes
                0x000001cc       0x2c CMakeFiles/uart_baremetal.dir/C_/Users/Nandkishor/pico/pico-sdk/src/common/pico_sync/mutex.c.obj
 .ARM.attributes
                0x000001f8       0x2c CMakeFiles/uart_baremetal.dir/C_/Users/Nandkishor/pico/pico-sdk/src/common/pico_time/time.c.obj
 .ARM.attributes
                0x00000224       0x2c CMakeFiles/uart_baremetal.dir/C_/Users/Nandkishor/pico/pico-sdk/src/rp2_common/hardware_timer/timer.c.obj
 .ARM.attributes
                0x00000250       0x2c CMakeFiles/uart_baremetal.dir/C_/Users/Nandkishor/pico/pico-sdk/src/rp2_common/hardware_uart/uart.c.obj
 .ARM.attributes
                0x0000027c       0x2c CMakeFiles/uart_baremetal.dir/C_/Users/Nandkishor/pico/pico-sdk/src/rp2_common/hardware_clocks/clocks.c.obj
 .ARM.attributes
                0x000002a8       0x2c CMakeFiles/uart_baremetal.dir/C_/Users/Nandkishor/pico/pico-sdk/src/rp2_common/hardware_pll/pll.c.obj
 .ARM.attributes
                0x000002d4       0x2c CMakeFiles/uart_baremetal.dir/C_/Users/Nandkishor/pico/pico-sdk/src/rp2_common/hardware_ticks/ticks.c.obj
 .ARM.attributes
                0x00000300       0x2c CMakeFiles/uart_baremetal.dir/C_/Users/Nandkishor/pico/pico-sdk/src/rp2_common/pico_bootrom/bootrom.c.obj
 .ARM.attributes
                0x0000032c       0x2c CMakeFiles/uart_baremetal.dir/C_/Users/Nandkishor/pico/pico-sdk/src/rp2_common/hardware_xosc/xosc.c.obj
 .ARM.attributes
                0x00000358       0x2c CMakeFiles/uart_baremetal.dir/C_/Users/Nandkishor/pico/pico-sdk/src/rp2_common/pico_runtime/runtime.c.obj
 .ARM.attributes
                0x00000384       0x2c CMakeFiles/uart_baremetal.dir/C_/Users/Nandkishor/pico/pico-sdk/src/rp2_common/pico_runtime_init/runtime_init.c.obj
 .ARM.attributes
                0x000003b0       0x2c CMakeFiles/uart_baremetal.dir/C_/Users/Nandkishor/pico/pico-sdk/src/rp2_common/pico_runtime_init/runtime_init_clocks.c.obj
 .ARM.attributes
                0x000003dc       0x22 CMakeFiles/uart_baremetal.dir/C_/Users/Nandkishor/pico/pico-sdk/src/rp2_common/pico_bit_ops/bit_ops_aeabi.S.obj
 .ARM.attributes
                0x000003fe       0x22 CMakeFiles/uart_baremetal.dir/C_/Users/Nandkishor/pico/pico-sdk/src/rp2_common/pico_divider/divider_hardware.S.obj
 .ARM.attributes
                0x00000420       0x22 CMakeFiles/uart_baremetal.dir/C_/Users/Nandkishor/pico/pico-sdk/src/rp2_common/pico_double/double_aeabi_rp2040.S.obj
 .ARM.attributes
                0x00000442       0x2c CMakeFiles/uart_baremetal.dir/C_/Users/Nandkishor/pico/pico-sdk/src/rp2_common/pico_double/double_init_rom_rp2040.c.obj
 .ARM.attributes
                0x0000046e       0x22 CMakeFiles/uart_baremetal.dir/C_/Users/Nandkishor/pico/pico-sdk/src/rp2_common/pico_double/double_v1_rom_shim_rp2040.S.obj
 .ARM.attributes
                0x00000490       0x22 CMakeFiles/uart_baremetal.dir/C_/Users/Nandkishor/pico/pico-sdk/src/rp2_common/pico_int64_ops/pico_int64_ops_aeabi.S.obj
 .ARM.attributes
                0x000004b2       0x22 CMakeFiles/uart_baremetal.dir/C_/Users/Nandkishor/pico/pico-sdk/src/rp2_common/pico_float/float_aeabi_rp2040.S.obj
 .ARM.attributes
                0x000004d4       0x2c CMakeFiles/uart_baremetal.dir/C_/Users/Nandkishor/pico/pico-sdk/src/rp2_common/pico_float/float_init_rom_rp2040.c.obj
 .ARM.attributes
                0x00000500       0x22 CMakeFiles/uart_baremetal.dir/C_/Users/Nandkishor/pico/pico-sdk/src/rp2_common/pico_float/float_v1_rom_shim_rp2040.S.obj
 .ARM.attributes
                0x00000522       0x22 CMakeFiles/uart_baremetal.dir/C_/Users/Nandkishor/pico/pico-sdk/src/rp2_common/pico_mem_ops/mem_ops_aeabi.S.obj
 .ARM.attributes
                0x00000544       0x2c CMakeFiles/uart_baremetal.dir/C_/Users/Nandkishor/pico/pico-sdk/src/rp2_common/pico_standard_binary_info/standard_binary_info.c.obj
 .ARM.attributes
                0x00000570       0x2c CMakeFiles/uart_baremetal.dir/C_/Users/Nandkishor/pico/pico-sdk/src/rp2_common/pico_printf/printf.c.obj
 .ARM.attributes
                0x0000059c       0x22 CMakeFiles/uart_baremetal.dir/C_/Users/Nandkishor/pico/pico-sdk/src/rp2_common/pico_crt0/crt0.S.obj
 .ARM.attributes
                0x000005be       0x2c CMakeFiles/uart_baremetal.dir/C_/Users/Nandkishor/pico/pico-sdk/src/rp2_common/pico_clib_interface/newlib_interface.c.obj
 .ARM.attributes
                0x000005ea       0x2c CMakeFiles/uart_baremetal.dir/C_/Users/Nandkishor/pico/pico-sdk/src/rp2_common/pico_stdio/stdio.c.obj
 .ARM.attributes
                0x00000616       0x2c CMakeFiles/uart_baremetal.dir/C_/Users/Nandkishor/pico/pico-sdk/src/rp2_common/pico_stdio_uart/stdio_uart.c.obj
 .ARM.attributes
                0x00000642       0x22 pico-sdk/src/rp2040/boot_stage2/CMakeFiles/bs2_default_library.dir/./bs2_default_padded_checksummed.S.obj
 .ARM.attributes
                0x00000664       0x1e C:/Program Files (x86)/Arm/GNU Toolchain mingw-w64-i686-arm-none-eabi/bin/../lib/gcc/arm-none-eabi/15.2.1/thumb/v6-m/nofp\libgcc.a(_dvmd_tls.o)
 .ARM.attributes
                0x00000682       0x2c C:/Program Files (x86)/Arm/GNU Toolchain mingw-w64-i686-arm-none-eabi/bin/../lib/gcc/arm-none-eabi/15.2.1/../../../../arm-none-eabi/lib/thumb/v6-m/nofp\libg.a(libc_a-strlen-stub.o)
 .ARM.attributes
                0x000006ae       0x2c C:/Program Files (x86)/Arm/GNU Toolchain mingw-w64-i686-arm-none-eabi/bin/../lib/gcc/arm-none-eabi/15.2.1/thumb/v6-m/nofp/crtend.o

.comment        0x00000000       0x45
 .comment       0x00000000       0x45 CMakeFiles/uart_baremetal.dir/src/main.c.obj
                                 0x46 (size before relaxing)
 .comment       0x00000045        0x0 CMakeFiles/uart_baremetal.dir/C_/Users/Nandkishor/pico/pico-sdk/src/rp2_common/hardware_gpio/gpio.c.obj
                                 0x46 (size before relaxing)
 .comment       0x00000045        0x0 CMakeFiles/uart_baremetal.dir/C_/Users/Nandkishor/pico/pico-sdk/src/rp2_common/pico_platform_panic/panic.c.obj
                                 0x46 (size before relaxing)
 .comment       0x00000045        0x0 CMakeFiles/uart_baremetal.dir/C_/Users/Nandkishor/pico/pico-sdk/src/common/hardware_claim/claim.c.obj
                                 0x46 (size before relaxing)
 .comment       0x00000045        0x0 CMakeFiles/uart_baremetal.dir/C_/Users/Nandkishor/pico/pico-sdk/src/rp2_common/hardware_sync/sync.c.obj
                                 0x46 (size before relaxing)
 .comment       0x00000045        0x0 CMakeFiles/uart_baremetal.dir/C_/Users/Nandkishor/pico/pico-sdk/src/rp2_common/hardware_sync_spin_lock/sync_spin_lock.c.obj
                                 0x46 (size before relaxing)
 .comment       0x00000045        0x0 CMakeFiles/uart_baremetal.dir/C_/Users/Nandkishor/pico/pico-sdk/src/rp2_common/hardware_irq/irq.c.obj
                                 0x46 (size before relaxing)
 .comment       0x00000045        0x0 CMakeFiles/uart_baremetal.dir/C_/Users/Nandkishor/pico/pico-sdk/src/common/pico_sync/lock_core.c.obj
                                 0x46 (size before relaxing)
 .comment       0x00000045        0x0 CMakeFiles/uart_baremetal.dir/C_/Users/Nandkishor/pico/pico-sdk/src/common/pico_sync/mutex.c.obj
                                 0x46 (size before relaxing)
 .comment       0x00000045        0x0 CMakeFiles/uart_baremetal.dir/C_/Users/Nandkishor/pico/pico-sdk/src/common/pico_time/time.c.obj
                                 0x46 (size before relaxing)
 .comment       0x00000045        0x0 CMakeFiles/uart_baremetal.dir/C_/Users/Nandkishor/pico/pico-sdk/src/rp2_common/hardware_timer/timer.c.obj
                                 0x46 (size before relaxing)
 .comment       0x00000045        0x0 CMakeFiles/uart_baremetal.dir/C_/Users/Nandkishor/pico/pico-sdk/src/rp2_common/hardware_uart/uart.c.obj
                                 0x46 (size before relaxing)
 .comment       0x00000045        0x0 CMakeFiles/uart_baremetal.dir/C_/Users/Nandkishor/pico/pico-sdk/src/rp2_common/hardware_clocks/clocks.c.obj
                                 0x46 (size before relaxing)
 .comment       0x00000045        0x0 CMakeFiles/uart_baremetal.dir/C_/Users/Nandkishor/pico/pico-sdk/src/rp2_common/hardware_pll/pll.c.obj
                                 0x46 (size before relaxing)
 .comment       0x00000045        0x0 CMakeFiles/uart_baremetal.dir/C_/Users/Nandkishor/pico/pico-sdk/src/rp2_common/hardware_ticks/ticks.c.obj
                                 0x46 (size before relaxing)
 .comment       0x00000045        0x0 CMakeFiles/uart_baremetal.dir/C_/Users/Nandkishor/pico/pico-sdk/src/rp2_common/pico_bootrom/bootrom.c.obj
                                 0x46 (size before relaxing)
 .comment       0x00000045        0x0 CMakeFiles/uart_baremetal.dir/C_/Users/Nandkishor/pico/pico-sdk/src/rp2_common/hardware_xosc/xosc.c.obj
                                 0x46 (size before relaxing)
 .comment       0x00000045        0x0 CMakeFiles/uart_baremetal.dir/C_/Users/Nandkishor/pico/pico-sdk/src/rp2_common/pico_runtime/runtime.c.obj
                                 0x46 (size before relaxing)
 .comment       0x00000045        0x0 CMakeFiles/uart_baremetal.dir/C_/Users/Nandkishor/pico/pico-sdk/src/rp2_common/pico_runtime_init/runtime_init.c.obj
                                 0x46 (size before relaxing)
 .comment       0x00000045        0x0 CMakeFiles/uart_baremetal.dir/C_/Users/Nandkishor/pico/pico-sdk/src/rp2_common/pico_runtime_init/runtime_init_clocks.c.obj
                                 0x46 (size before relaxing)
 .comment       0x00000045        0x0 CMakeFiles/uart_baremetal.dir/C_/Users/Nandkishor/pico/pico-sdk/src/rp2_common/pico_double/double_init_rom_rp2040.c.obj
                                 0x46 (size before relaxing)
 .comment       0x00000045        0x0 CMakeFiles/uart_baremetal.dir/C_/Users/Nandkishor/pico/pico-sdk/src/rp2_common/pico_float/float_init_rom_rp2040.c.obj
                                 0x46 (size before relaxing)
 .comment       0x00000045        0x0 CMakeFiles/uart_baremetal.dir/C_/Users/Nandkishor/pico/pico-sdk/src/rp2_common/pico_standard_binary_info/standard_binary_info.c.obj
                                 0x46 (size before relaxing)
 .comment       0x00000045        0x0 CMakeFiles/uart_baremetal.dir/C_/Users/Nandkishor/pico/pico-sdk/src/rp2_common/pico_printf/printf.c.obj
                                 0x46 (size before relaxing)
 .comment       0x00000045        0x0 CMakeFiles/uart_baremetal.dir/C_/Users/Nandkishor/pico/pico-sdk/src/rp2_common/pico_clib_interface/newlib_interface.c.obj
                                 0x46 (size before relaxing)
 .comment       0x00000045        0x0 CMakeFiles/uart_baremetal.dir/C_/Users/Nandkishor/pico/pico-sdk/src/rp2_common/pico_stdio/stdio.c.obj
                                 0x46 (size before relaxing)
 .comment       0x00000045        0x0 CMakeFiles/uart_baremetal.dir/C_/Users/Nandkishor/pico/pico-sdk/src/rp2_common/pico_stdio_uart/stdio_uart.c.obj
                                 0x46 (size before relaxing)

.debug_info     0x00000000    0x1c8dc
 .debug_info    0x00000000      0x122 CMakeFiles/uart_baremetal.dir/src/main.c.obj
 .debug_info    0x00000122     0x2445 CMakeFiles/uart_baremetal.dir/C_/Users/Nandkishor/pico/pico-sdk/src/rp2_common/hardware_gpio/gpio.c.obj
 .debug_info    0x00002567      0x1bf CMakeFiles/uart_baremetal.dir/C_/Users/Nandkishor/pico/pico-sdk/src/rp2_common/pico_platform_panic/panic.c.obj
 .debug_info    0x00002726      0x988 CMakeFiles/uart_baremetal.dir/C_/Users/Nandkishor/pico/pico-sdk/src/common/hardware_claim/claim.c.obj
 .debug_info    0x000030ae      0x45f CMakeFiles/uart_baremetal.dir/C_/Users/Nandkishor/pico/pico-sdk/src/rp2_common/hardware_sync/sync.c.obj
 .debug_info    0x0000350d      0x245 CMakeFiles/uart_baremetal.dir/C_/Users/Nandkishor/pico/pico-sdk/src/rp2_common/hardware_sync_spin_lock/sync_spin_lock.c.obj
 .debug_info    0x00003752     0x21be CMakeFiles/uart_baremetal.dir/C_/Users/Nandkishor/pico/pico-sdk/src/rp2_common/hardware_irq/irq.c.obj
 .debug_info    0x00005910      0x15f CMakeFiles/uart_baremetal.dir/C_/Users/Nandkishor/pico/pico-sdk/src/common/pico_sync/lock_core.c.obj
 .debug_info    0x00005a6f     0x2786 CMakeFiles/uart_baremetal.dir/C_/Users/Nandkishor/pico/pico-sdk/src/common/pico_sync/mutex.c.obj
 .debug_info    0x000081f5     0x4f3f CMakeFiles/uart_baremetal.dir/C_/Users/Nandkishor/pico/pico-sdk/src/common/pico_time/time.c.obj
 .debug_info    0x0000d134     0x2aa2 CMakeFiles/uart_baremetal.dir/C_/Users/Nandkishor/pico/pico-sdk/src/rp2_common/hardware_timer/timer.c.obj
 .debug_info    0x0000fbd6     0x195d CMakeFiles/uart_baremetal.dir/C_/Users/Nandkishor/pico/pico-sdk/src/rp2_common/hardware_uart/uart.c.obj
 .debug_info    0x00011533     0x299a CMakeFiles/uart_baremetal.dir/C_/Users/Nandkishor/pico/pico-sdk/src/rp2_common/hardware_clocks/clocks.c.obj
 .debug_info    0x00013ecd      0x4f0 CMakeFiles/uart_baremetal.dir/C_/Users/Nandkishor/pico/pico-sdk/src/rp2_common/hardware_pll/pll.c.obj
 .debug_info    0x000143bd      0x248 CMakeFiles/uart_baremetal.dir/C_/Users/Nandkishor/pico/pico-sdk/src/rp2_common/hardware_ticks/ticks.c.obj
 .debug_info    0x00014605      0x65a CMakeFiles/uart_baremetal.dir/C_/Users/Nandkishor/pico/pico-sdk/src/rp2_common/pico_bootrom/bootrom.c.obj
 .debug_info    0x00014c5f      0x1d0 CMakeFiles/uart_baremetal.dir/C_/Users/Nandkishor/pico/pico-sdk/src/rp2_common/hardware_xosc/xosc.c.obj
 .debug_info    0x00014e2f      0x206 CMakeFiles/uart_baremetal.dir/C_/Users/Nandkishor/pico/pico-sdk/src/rp2_common/pico_runtime/runtime.c.obj
 .debug_info    0x00015035      0x7ea CMakeFiles/uart_baremetal.dir/C_/Users/Nandkishor/pico/pico-sdk/src/rp2_common/pico_runtime_init/runtime_init.c.obj
 .debug_info    0x0001581f      0x781 CMakeFiles/uart_baremetal.dir/C_/Users/Nandkishor/pico/pico-sdk/src/rp2_common/pico_runtime_init/runtime_init_clocks.c.obj
 .debug_info    0x00015fa0       0x23 CMakeFiles/uart_baremetal.dir/C_/Users/Nandkishor/pico/pico-sdk/src/rp2_common/pico_bit_ops/bit_ops_aeabi.S.obj
 .debug_info    0x00015fc3       0x23 CMakeFiles/uart_baremetal.dir/C_/Users/Nandkishor/pico/pico-sdk/src/rp2_common/pico_divider/divider_hardware.S.obj
 .debug_info    0x00015fe6       0x23 CMakeFiles/uart_baremetal.dir/C_/Users/Nandkishor/pico/pico-sdk/src/rp2_common/pico_double/double_aeabi_rp2040.S.obj
 .debug_info    0x00016009      0x27e CMakeFiles/uart_baremetal.dir/C_/Users/Nandkishor/pico/pico-sdk/src/rp2_common/pico_double/double_init_rom_rp2040.c.obj
 .debug_info    0x00016287       0x23 CMakeFiles/uart_baremetal.dir/C_/Users/Nandkishor/pico/pico-sdk/src/rp2_common/pico_double/double_v1_rom_shim_rp2040.S.obj
 .debug_info    0x000162aa       0x24 CMakeFiles/uart_baremetal.dir/C_/Users/Nandkishor/pico/pico-sdk/src/rp2_common/pico_int64_ops/pico_int64_ops_aeabi.S.obj
 .debug_info    0x000162ce       0x23 CMakeFiles/uart_baremetal.dir/C_/Users/Nandkishor/pico/pico-sdk/src/rp2_common/pico_float/float_aeabi_rp2040.S.obj
 .debug_info    0x000162f1      0x27e CMakeFiles/uart_baremetal.dir/C_/Users/Nandkishor/pico/pico-sdk/src/rp2_common/pico_float/float_init_rom_rp2040.c.obj
 .debug_info    0x0001656f       0x23 CMakeFiles/uart_baremetal.dir/C_/Users/Nandkishor/pico/pico-sdk/src/rp2_common/pico_float/float_v1_rom_shim_rp2040.S.obj
 .debug_info    0x00016592       0x23 CMakeFiles/uart_baremetal.dir/C_/Users/Nandkishor/pico/pico-sdk/src/rp2_common/pico_mem_ops/mem_ops_aeabi.S.obj
 .debug_info    0x000165b5      0x2b8 CMakeFiles/uart_baremetal.dir/C_/Users/Nandkishor/pico/pico-sdk/src/rp2_common/pico_standard_binary_info/standard_binary_info.c.obj
 .debug_info    0x0001686d     0x2307 CMakeFiles/uart_baremetal.dir/C_/Users/Nandkishor/pico/pico-sdk/src/rp2_common/pico_printf/printf.c.obj
 .debug_info    0x00018b74       0x23 CMakeFiles/uart_baremetal.dir/C_/Users/Nandkishor/pico/pico-sdk/src/rp2_common/pico_crt0/crt0.S.obj
 .debug_info    0x00018b97      0xba3 CMakeFiles/uart_baremetal.dir/C_/Users/Nandkishor/pico/pico-sdk/src/rp2_common/pico_clib_interface/newlib_interface.c.obj
 .debug_info    0x0001973a     0x1cb8 CMakeFiles/uart_baremetal.dir/C_/Users/Nandkishor/pico/pico-sdk/src/rp2_common/pico_stdio/stdio.c.obj
 .debug_info    0x0001b3f2     0x14ea CMakeFiles/uart_baremetal.dir/C_/Users/Nandkishor/pico/pico-sdk/src/rp2_common/pico_stdio_uart/stdio_uart.c.obj

.debug_abbrev   0x00000000     0x5077
 .debug_abbrev  0x00000000       0xbc CMakeFiles/uart_baremetal.dir/src/main.c.obj
 .debug_abbrev  0x000000bc      0x4fb CMakeFiles/uart_baremetal.dir/C_/Users/Nandkishor/pico/pico-sdk/src/rp2_common/hardware_gpio/gpio.c.obj
 .debug_abbrev  0x000005b7      0x12b CMakeFiles/uart_baremetal.dir/C_/Users/Nandkishor/pico/pico-sdk/src/rp2_common/pico_platform_panic/panic.c.obj
 .debug_abbrev  0x000006e2      0x320 CMakeFiles/uart_baremetal.dir/C_/Users/Nandkishor/pico/pico-sdk/src/common/hardware_claim/claim.c.obj
 .debug_abbrev  0x00000a02      0x20f CMakeFiles/uart_baremetal.dir/C_/Users/Nandkishor/pico/pico-sdk/src/rp2_common/hardware_sync/sync.c.obj
 .debug_abbrev  0x00000c11      0x1bb CMakeFiles/uart_baremetal.dir/C_/Users/Nandkishor/pico/pico-sdk/src/rp2_common/hardware_sync_spin_lock/sync_spin_lock.c.obj
 .debug_abbrev  0x00000dcc      0x629 CMakeFiles/uart_baremetal.dir/C_/Users/Nandkishor/pico/pico-sdk/src/rp2_common/hardware_irq/irq.c.obj
 .debug_abbrev  0x000013f5       0xee CMakeFiles/uart_baremetal.dir/C_/Users/Nandkishor/pico/pico-sdk/src/common/pico_sync/lock_core.c.obj
 .debug_abbrev  0x000014e3      0x47b CMakeFiles/uart_baremetal.dir/C_/Users/Nandkishor/pico/pico-sdk/src/common/pico_sync/mutex.c.obj
 .debug_abbrev  0x0000195e      0x659 CMakeFiles/uart_baremetal.dir/C_/Users/Nandkishor/pico/pico-sdk/src/common/pico_time/time.c.obj
 .debug_abbrev  0x00001fb7      0x4f4 CMakeFiles/uart_baremetal.dir/C_/Users/Nandkishor/pico/pico-sdk/src/rp2_common/hardware_timer/timer.c.obj
 .debug_abbrev  0x000024ab      0x34e CMakeFiles/uart_baremetal.dir/C_/Users/Nandkishor/pico/pico-sdk/src/rp2_common/hardware_uart/uart.c.obj
 .debug_abbrev  0x000027f9      0x4fa CMakeFiles/uart_baremetal.dir/C_/Users/Nandkishor/pico/pico-sdk/src/rp2_common/hardware_clocks/clocks.c.obj
 .debug_abbrev  0x00002cf3      0x1d6 CMakeFiles/uart_baremetal.dir/C_/Users/Nandkishor/pico/pico-sdk/src/rp2_common/hardware_pll/pll.c.obj
 .debug_abbrev  0x00002ec9      0x145 CMakeFiles/uart_baremetal.dir/C_/Users/Nandkishor/pico/pico-sdk/src/rp2_common/hardware_ticks/ticks.c.obj
 .debug_abbrev  0x0000300e      0x1bc CMakeFiles/uart_baremetal.dir/C_/Users/Nandkishor/pico/pico-sdk/src/rp2_common/pico_bootrom/bootrom.c.obj
 .debug_abbrev  0x000031ca      0x11d CMakeFiles/uart_baremetal.dir/C_/Users/Nandkishor/pico/pico-sdk/src/rp2_common/hardware_xosc/xosc.c.obj
 .debug_abbrev  0x000032e7      0x170 CMakeFiles/uart_baremetal.dir/C_/Users/Nandkishor/pico/pico-sdk/src/rp2_common/pico_runtime/runtime.c.obj
 .debug_abbrev  0x00003457      0x26b CMakeFiles/uart_baremetal.dir/C_/Users/Nandkishor/pico/pico-sdk/src/rp2_common/pico_runtime_init/runtime_init.c.obj
 .debug_abbrev  0x000036c2      0x2af CMakeFiles/uart_baremetal.dir/C_/Users/Nandkishor/pico/pico-sdk/src/rp2_common/pico_runtime_init/runtime_init_clocks.c.obj
 .debug_abbrev  0x00003971       0x12 CMakeFiles/uart_baremetal.dir/C_/Users/Nandkishor/pico/pico-sdk/src/rp2_common/pico_bit_ops/bit_ops_aeabi.S.obj
 .debug_abbrev  0x00003983       0x12 CMakeFiles/uart_baremetal.dir/C_/Users/Nandkishor/pico/pico-sdk/src/rp2_common/pico_divider/divider_hardware.S.obj
 .debug_abbrev  0x00003995       0x12 CMakeFiles/uart_baremetal.dir/C_/Users/Nandkishor/pico/pico-sdk/src/rp2_common/pico_double/double_aeabi_rp2040.S.obj
 .debug_abbrev  0x000039a7      0x17a CMakeFiles/uart_baremetal.dir/C_/Users/Nandkishor/pico/pico-sdk/src/rp2_common/pico_double/double_init_rom_rp2040.c.obj
 .debug_abbrev  0x00003b21       0x12 CMakeFiles/uart_baremetal.dir/C_/Users/Nandkishor/pico/pico-sdk/src/rp2_common/pico_double/double_v1_rom_shim_rp2040.S.obj
 .debug_abbrev  0x00003b33       0x14 CMakeFiles/uart_baremetal.dir/C_/Users/Nandkishor/pico/pico-sdk/src/rp2_common/pico_int64_ops/pico_int64_ops_aeabi.S.obj
 .debug_abbrev  0x00003b47       0x12 CMakeFiles/uart_baremetal.dir/C_/Users/Nandkishor/pico/pico-sdk/src/rp2_common/pico_float/float_aeabi_rp2040.S.obj
 .debug_abbrev  0x00003b59      0x173 CMakeFiles/uart_baremetal.dir/C_/Users/Nandkishor/pico/pico-sdk/src/rp2_common/pico_float/float_init_rom_rp2040.c.obj
 .debug_abbrev  0x00003ccc       0x12 CMakeFiles/uart_baremetal.dir/C_/Users/Nandkishor/pico/pico-sdk/src/rp2_common/pico_float/float_v1_rom_shim_rp2040.S.obj
 .debug_abbrev  0x00003cde       0x12 CMakeFiles/uart_baremetal.dir/C_/Users/Nandkishor/pico/pico-sdk/src/rp2_common/pico_mem_ops/mem_ops_aeabi.S.obj
 .debug_abbrev  0x00003cf0       0xb8 CMakeFiles/uart_baremetal.dir/C_/Users/Nandkishor/pico/pico-sdk/src/rp2_common/pico_standard_binary_info/standard_binary_info.c.obj
 .debug_abbrev  0x00003da8      0x4ef CMakeFiles/uart_baremetal.dir/C_/Users/Nandkishor/pico/pico-sdk/src/rp2_common/pico_printf/printf.c.obj
 .debug_abbrev  0x00004297       0x12 CMakeFiles/uart_baremetal.dir/C_/Users/Nandkishor/pico/pico-sdk/src/rp2_common/pico_crt0/crt0.S.obj
 .debug_abbrev  0x000042a9      0x346 CMakeFiles/uart_baremetal.dir/C_/Users/Nandkishor/pico/pico-sdk/src/rp2_common/pico_clib_interface/newlib_interface.c.obj
 .debug_abbrev  0x000045ef      0x5ea CMakeFiles/uart_baremetal.dir/C_/Users/Nandkishor/pico/pico-sdk/src/rp2_common/pico_stdio/stdio.c.obj
 .debug_abbrev  0x00004bd9      0x49e CMakeFiles/uart_baremetal.dir/C_/Users/Nandkishor/pico/pico-sdk/src/rp2_common/pico_stdio_uart/stdio_uart.c.obj

.debug_aranges  0x00000000      0xf40
 .debug_aranges
                0x00000000       0x20 CMakeFiles/uart_baremetal.dir/src/main.c.obj
 .debug_aranges
                0x00000020      0x118 CMakeFiles/uart_baremetal.dir/C_/Users/Nandkishor/pico/pico-sdk/src/rp2_common/hardware_gpio/gpio.c.obj
 .debug_aranges
                0x00000138       0x28 CMakeFiles/uart_baremetal.dir/C_/Users/Nandkishor/pico/pico-sdk/src/rp2_common/pico_platform_panic/panic.c.obj
 .debug_aranges
                0x00000160       0x48 CMakeFiles/uart_baremetal.dir/C_/Users/Nandkishor/pico/pico-sdk/src/common/hardware_claim/claim.c.obj
 .debug_aranges
                0x000001a8       0x48 CMakeFiles/uart_baremetal.dir/C_/Users/Nandkishor/pico/pico-sdk/src/rp2_common/hardware_sync/sync.c.obj
 .debug_aranges
                0x000001f0       0x28 CMakeFiles/uart_baremetal.dir/C_/Users/Nandkishor/pico/pico-sdk/src/rp2_common/hardware_sync_spin_lock/sync_spin_lock.c.obj
 .debug_aranges
                0x00000218       0xb8 CMakeFiles/uart_baremetal.dir/C_/Users/Nandkishor/pico/pico-sdk/src/rp2_common/hardware_irq/irq.c.obj
 .debug_aranges
                0x000002d0       0x20 CMakeFiles/uart_baremetal.dir/C_/Users/Nandkishor/pico/pico-sdk/src/common/pico_sync/lock_core.c.obj
 .debug_aranges
                0x000002f0       0x98 CMakeFiles/uart_baremetal.dir/C_/Users/Nandkishor/pico/pico-sdk/src/common/pico_sync/mutex.c.obj
 .debug_aranges
                0x00000388       0xe0 CMakeFiles/uart_baremetal.dir/C_/Users/Nandkishor/pico/pico-sdk/src/common/pico_time/time.c.obj
 .debug_aranges
                0x00000468       0xf0 CMakeFiles/uart_baremetal.dir/C_/Users/Nandkishor/pico/pico-sdk/src/rp2_common/hardware_timer/timer.c.obj
 .debug_aranges
                0x00000558       0x58 CMakeFiles/uart_baremetal.dir/C_/Users/Nandkishor/pico/pico-sdk/src/rp2_common/hardware_uart/uart.c.obj
 .debug_aranges
                0x000005b0       0x90 CMakeFiles/uart_baremetal.dir/C_/Users/Nandkishor/pico/pico-sdk/src/rp2_common/hardware_clocks/clocks.c.obj
 .debug_aranges
                0x00000640       0x28 CMakeFiles/uart_baremetal.dir/C_/Users/Nandkishor/pico/pico-sdk/src/rp2_common/hardware_pll/pll.c.obj
 .debug_aranges
                0x00000668       0x30 CMakeFiles/uart_baremetal.dir/C_/Users/Nandkishor/pico/pico-sdk/src/rp2_common/hardware_ticks/ticks.c.obj
 .debug_aranges
                0x00000698       0x40 CMakeFiles/uart_baremetal.dir/C_/Users/Nandkishor/pico/pico-sdk/src/rp2_common/pico_bootrom/bootrom.c.obj
 .debug_aranges
                0x000006d8       0x30 CMakeFiles/uart_baremetal.dir/C_/Users/Nandkishor/pico/pico-sdk/src/rp2_common/hardware_xosc/xosc.c.obj
 .debug_aranges
                0x00000708       0x38 CMakeFiles/uart_baremetal.dir/C_/Users/Nandkishor/pico/pico-sdk/src/rp2_common/pico_runtime/runtime.c.obj
 .debug_aranges
                0x00000740       0x48 CMakeFiles/uart_baremetal.dir/C_/Users/Nandkishor/pico/pico-sdk/src/rp2_common/pico_runtime_init/runtime_init.c.obj
 .debug_aranges
                0x00000788       0x20 CMakeFiles/uart_baremetal.dir/C_/Users/Nandkishor/pico/pico-sdk/src/rp2_common/pico_runtime_init/runtime_init_clocks.c.obj
 .debug_aranges
                0x000007a8       0x60 CMakeFiles/uart_baremetal.dir/C_/Users/Nandkishor/pico/pico-sdk/src/rp2_common/pico_bit_ops/bit_ops_aeabi.S.obj
 .debug_aranges
                0x00000808       0x40 CMakeFiles/uart_baremetal.dir/C_/Users/Nandkishor/pico/pico-sdk/src/rp2_common/pico_divider/divider_hardware.S.obj
 .debug_aranges
                0x00000848      0x150 CMakeFiles/uart_baremetal.dir/C_/Users/Nandkishor/pico/pico-sdk/src/rp2_common/pico_double/double_aeabi_rp2040.S.obj
 .debug_aranges
                0x00000998       0x20 CMakeFiles/uart_baremetal.dir/C_/Users/Nandkishor/pico/pico-sdk/src/rp2_common/pico_double/double_init_rom_rp2040.c.obj
 .debug_aranges
                0x000009b8       0xc8 CMakeFiles/uart_baremetal.dir/C_/Users/Nandkishor/pico/pico-sdk/src/rp2_common/pico_double/double_v1_rom_shim_rp2040.S.obj
 .debug_aranges
                0x00000a80       0x20 CMakeFiles/uart_baremetal.dir/C_/Users/Nandkishor/pico/pico-sdk/src/rp2_common/pico_int64_ops/pico_int64_ops_aeabi.S.obj
 .debug_aranges
                0x00000aa0      0x138 CMakeFiles/uart_baremetal.dir/C_/Users/Nandkishor/pico/pico-sdk/src/rp2_common/pico_float/float_aeabi_rp2040.S.obj
 .debug_aranges
                0x00000bd8       0x20 CMakeFiles/uart_baremetal.dir/C_/Users/Nandkishor/pico/pico-sdk/src/rp2_common/pico_float/float_init_rom_rp2040.c.obj
 .debug_aranges
                0x00000bf8       0x50 CMakeFiles/uart_baremetal.dir/C_/Users/Nandkishor/pico/pico-sdk/src/rp2_common/pico_float/float_v1_rom_shim_rp2040.S.obj
 .debug_aranges
                0x00000c48       0x38 CMakeFiles/uart_baremetal.dir/C_/Users/Nandkishor/pico/pico-sdk/src/rp2_common/pico_mem_ops/mem_ops_aeabi.S.obj
 .debug_aranges
                0x00000c80       0x18 CMakeFiles/uart_baremetal.dir/C_/Users/Nandkishor/pico/pico-sdk/src/rp2_common/pico_standard_binary_info/standard_binary_info.c.obj
 .debug_aranges
                0x00000c98       0x90 CMakeFiles/uart_baremetal.dir/C_/Users/Nandkishor/pico/pico-sdk/src/rp2_common/pico_printf/printf.c.obj
 .debug_aranges
                0x00000d28       0x28 CMakeFiles/uart_baremetal.dir/C_/Users/Nandkishor/pico/pico-sdk/src/rp2_common/pico_crt0/crt0.S.obj
 .debug_aranges
                0x00000d50       0xa8 CMakeFiles/uart_baremetal.dir/C_/Users/Nandkishor/pico/pico-sdk/src/rp2_common/pico_clib_interface/newlib_interface.c.obj
 .debug_aranges
                0x00000df8       0xc8 CMakeFiles/uart_baremetal.dir/C_/Users/Nandkishor/pico/pico-sdk/src/rp2_common/pico_stdio/stdio.c.obj
 .debug_aranges
                0x00000ec0       0x80 CMakeFiles/uart_baremetal.dir/C_/Users/Nandkishor/pico/pico-sdk/src/rp2_common/pico_stdio_uart/stdio_uart.c.obj

.debug_rnglists
                0x00000000     0x2ddd
 .debug_rnglists
                0x00000000       0x13 CMakeFiles/uart_baremetal.dir/src/main.c.obj
 .debug_rnglists
                0x00000013      0x56d CMakeFiles/uart_baremetal.dir/C_/Users/Nandkishor/pico/pico-sdk/src/rp2_common/hardware_gpio/gpio.c.obj
 .debug_rnglists
                0x00000580       0x19 CMakeFiles/uart_baremetal.dir/C_/Users/Nandkishor/pico/pico-sdk/src/rp2_common/pico_platform_panic/panic.c.obj
 .debug_rnglists
                0x00000599       0xb6 CMakeFiles/uart_baremetal.dir/C_/Users/Nandkishor/pico/pico-sdk/src/common/hardware_claim/claim.c.obj
 .debug_rnglists
                0x0000064f       0x58 CMakeFiles/uart_baremetal.dir/C_/Users/Nandkishor/pico/pico-sdk/src/rp2_common/hardware_sync/sync.c.obj
 .debug_rnglists
                0x000006a7       0x3d CMakeFiles/uart_baremetal.dir/C_/Users/Nandkishor/pico/pico-sdk/src/rp2_common/hardware_sync_spin_lock/sync_spin_lock.c.obj
 .debug_rnglists
                0x000006e4      0x362 CMakeFiles/uart_baremetal.dir/C_/Users/Nandkishor/pico/pico-sdk/src/rp2_common/hardware_irq/irq.c.obj
 .debug_rnglists
                0x00000a46       0x1f CMakeFiles/uart_baremetal.dir/C_/Users/Nandkishor/pico/pico-sdk/src/common/pico_sync/lock_core.c.obj
 .debug_rnglists
                0x00000a65      0x322 CMakeFiles/uart_baremetal.dir/C_/Users/Nandkishor/pico/pico-sdk/src/common/pico_sync/mutex.c.obj
 .debug_rnglists
                0x00000d87      0x7cd CMakeFiles/uart_baremetal.dir/C_/Users/Nandkishor/pico/pico-sdk/src/common/pico_time/time.c.obj
 .debug_rnglists
                0x00001554      0x2b6 CMakeFiles/uart_baremetal.dir/C_/Users/Nandkishor/pico/pico-sdk/src/rp2_common/hardware_timer/timer.c.obj
 .debug_rnglists
                0x0000180a      0x238 CMakeFiles/uart_baremetal.dir/C_/Users/Nandkishor/pico/pico-sdk/src/rp2_common/hardware_uart/uart.c.obj
 .debug_rnglists
                0x00001a42      0x5e4 CMakeFiles/uart_baremetal.dir/C_/Users/Nandkishor/pico/pico-sdk/src/rp2_common/hardware_clocks/clocks.c.obj
 .debug_rnglists
                0x00002026       0x41 CMakeFiles/uart_baremetal.dir/C_/Users/Nandkishor/pico/pico-sdk/src/rp2_common/hardware_pll/pll.c.obj
 .debug_rnglists
                0x00002067       0x2b CMakeFiles/uart_baremetal.dir/C_/Users/Nandkishor/pico/pico-sdk/src/rp2_common/hardware_ticks/ticks.c.obj
 .debug_rnglists
                0x00002092      0x112 CMakeFiles/uart_baremetal.dir/C_/Users/Nandkishor/pico/pico-sdk/src/rp2_common/pico_bootrom/bootrom.c.obj
 .debug_rnglists
                0x000021a4       0x1f CMakeFiles/uart_baremetal.dir/C_/Users/Nandkishor/pico/pico-sdk/src/rp2_common/hardware_xosc/xosc.c.obj
 .debug_rnglists
                0x000021c3       0x6d CMakeFiles/uart_baremetal.dir/C_/Users/Nandkishor/pico/pico-sdk/src/rp2_common/pico_runtime/runtime.c.obj
 .debug_rnglists
                0x00002230       0x4a CMakeFiles/uart_baremetal.dir/C_/Users/Nandkishor/pico/pico-sdk/src/rp2_common/pico_runtime_init/runtime_init.c.obj
 .debug_rnglists
                0x0000227a       0x20 CMakeFiles/uart_baremetal.dir/C_/Users/Nandkishor/pico/pico-sdk/src/rp2_common/pico_runtime_init/runtime_init_clocks.c.obj
 .debug_rnglists
                0x0000229a       0x43 CMakeFiles/uart_baremetal.dir/C_/Users/Nandkishor/pico/pico-sdk/src/rp2_common/pico_bit_ops/bit_ops_aeabi.S.obj
 .debug_rnglists
                0x000022dd       0x2c CMakeFiles/uart_baremetal.dir/C_/Users/Nandkishor/pico/pico-sdk/src/rp2_common/pico_divider/divider_hardware.S.obj
 .debug_rnglists
                0x00002309       0xf9 CMakeFiles/uart_baremetal.dir/C_/Users/Nandkishor/pico/pico-sdk/src/rp2_common/pico_double/double_aeabi_rp2040.S.obj
 .debug_rnglists
                0x00002402       0x14 CMakeFiles/uart_baremetal.dir/C_/Users/Nandkishor/pico/pico-sdk/src/rp2_common/pico_double/double_init_rom_rp2040.c.obj
 .debug_rnglists
                0x00002416       0x99 CMakeFiles/uart_baremetal.dir/C_/Users/Nandkishor/pico/pico-sdk/src/rp2_common/pico_double/double_v1_rom_shim_rp2040.S.obj
 .debug_rnglists
                0x000024af       0xe5 CMakeFiles/uart_baremetal.dir/C_/Users/Nandkishor/pico/pico-sdk/src/rp2_common/pico_float/float_aeabi_rp2040.S.obj
 .debug_rnglists
                0x00002594       0x13 CMakeFiles/uart_baremetal.dir/C_/Users/Nandkishor/pico/pico-sdk/src/rp2_common/pico_float/float_init_rom_rp2040.c.obj
 .debug_rnglists
                0x000025a7       0x38 CMakeFiles/uart_baremetal.dir/C_/Users/Nandkishor/pico/pico-sdk/src/rp2_common/pico_float/float_v1_rom_shim_rp2040.S.obj
 .debug_rnglists
                0x000025df       0x25 CMakeFiles/uart_baremetal.dir/C_/Users/Nandkishor/pico/pico-sdk/src/rp2_common/pico_mem_ops/mem_ops_aeabi.S.obj
 .debug_rnglists
                0x00002604      0x2c6 CMakeFiles/uart_baremetal.dir/C_/Users/Nandkishor/pico/pico-sdk/src/rp2_common/pico_printf/printf.c.obj
 .debug_rnglists
                0x000028ca       0x1b CMakeFiles/uart_baremetal.dir/C_/Users/Nandkishor/pico/pico-sdk/src/rp2_common/pico_crt0/crt0.S.obj
 .debug_rnglists
                0x000028e5       0x85 CMakeFiles/uart_baremetal.dir/C_/Users/Nandkishor/pico/pico-sdk/src/rp2_common/pico_clib_interface/newlib_interface.c.obj
 .debug_rnglists
                0x0000296a      0x2a5 CMakeFiles/uart_baremetal.dir/C_/Users/Nandkishor/pico/pico-sdk/src/rp2_common/pico_stdio/stdio.c.obj
 .debug_rnglists
                0x00002c0f      0x1ce CMakeFiles/uart_baremetal.dir/C_/Users/Nandkishor/pico/pico-sdk/src/rp2_common/pico_stdio_uart/stdio_uart.c.obj

.debug_line     0x00000000    0x1788f
 .debug_line    0x00000000      0x212 CMakeFiles/uart_baremetal.dir/src/main.c.obj
 .debug_line    0x00000212     0x1baa CMakeFiles/uart_baremetal.dir/C_/Users/Nandkishor/pico/pico-sdk/src/rp2_common/hardware_gpio/gpio.c.obj
 .debug_line    0x00001dbc      0x2d2 CMakeFiles/uart_baremetal.dir/C_/Users/Nandkishor/pico/pico-sdk/src/rp2_common/pico_platform_panic/panic.c.obj
 .debug_line    0x0000208e      0x92a CMakeFiles/uart_baremetal.dir/C_/Users/Nandkishor/pico/pico-sdk/src/common/hardware_claim/claim.c.obj
 .debug_line    0x000029b8      0x514 CMakeFiles/uart_baremetal.dir/C_/Users/Nandkishor/pico/pico-sdk/src/rp2_common/hardware_sync/sync.c.obj
 .debug_line    0x00002ecc      0x3df CMakeFiles/uart_baremetal.dir/C_/Users/Nandkishor/pico/pico-sdk/src/rp2_common/hardware_sync_spin_lock/sync_spin_lock.c.obj
 .debug_line    0x000032ab     0x17c5 CMakeFiles/uart_baremetal.dir/C_/Users/Nandkishor/pico/pico-sdk/src/rp2_common/hardware_irq/irq.c.obj
 .debug_line    0x00004a70      0x30a CMakeFiles/uart_baremetal.dir/C_/Users/Nandkishor/pico/pico-sdk/src/common/pico_sync/lock_core.c.obj
 .debug_line    0x00004d7a     0x1bd2 CMakeFiles/uart_baremetal.dir/C_/Users/Nandkishor/pico/pico-sdk/src/common/pico_sync/mutex.c.obj
 .debug_line    0x0000694c     0x3562 CMakeFiles/uart_baremetal.dir/C_/Users/Nandkishor/pico/pico-sdk/src/common/pico_time/time.c.obj
 .debug_line    0x00009eae     0x1d9c CMakeFiles/uart_baremetal.dir/C_/Users/Nandkishor/pico/pico-sdk/src/rp2_common/hardware_timer/timer.c.obj
 .debug_line    0x0000bc4a      0xf7f CMakeFiles/uart_baremetal.dir/C_/Users/Nandkishor/pico/pico-sdk/src/rp2_common/hardware_uart/uart.c.obj
 .debug_line    0x0000cbc9     0x228c CMakeFiles/uart_baremetal.dir/C_/Users/Nandkishor/pico/pico-sdk/src/rp2_common/hardware_clocks/clocks.c.obj
 .debug_line    0x0000ee55      0x522 CMakeFiles/uart_baremetal.dir/C_/Users/Nandkishor/pico/pico-sdk/src/rp2_common/hardware_pll/pll.c.obj
 .debug_line    0x0000f377      0x361 CMakeFiles/uart_baremetal.dir/C_/Users/Nandkishor/pico/pico-sdk/src/rp2_common/hardware_ticks/ticks.c.obj
 .debug_line    0x0000f6d8      0x48a CMakeFiles/uart_baremetal.dir/C_/Users/Nandkishor/pico/pico-sdk/src/rp2_common/pico_bootrom/bootrom.c.obj
 .debug_line    0x0000fb62      0x38c CMakeFiles/uart_baremetal.dir/C_/Users/Nandkishor/pico/pico-sdk/src/rp2_common/hardware_xosc/xosc.c.obj
 .debug_line    0x0000feee      0x35b CMakeFiles/uart_baremetal.dir/C_/Users/Nandkishor/pico/pico-sdk/src/rp2_common/pico_runtime/runtime.c.obj
 .debug_line    0x00010249      0x71c CMakeFiles/uart_baremetal.dir/C_/Users/Nandkishor/pico/pico-sdk/src/rp2_common/pico_runtime_init/runtime_init.c.obj
 .debug_line    0x00010965      0x5a3 CMakeFiles/uart_baremetal.dir/C_/Users/Nandkishor/pico/pico-sdk/src/rp2_common/pico_runtime_init/runtime_init_clocks.c.obj
 .debug_line    0x00010f08      0x108 CMakeFiles/uart_baremetal.dir/C_/Users/Nandkishor/pico/pico-sdk/src/rp2_common/pico_bit_ops/bit_ops_aeabi.S.obj
 .debug_line    0x00011010      0x2a9 CMakeFiles/uart_baremetal.dir/C_/Users/Nandkishor/pico/pico-sdk/src/rp2_common/pico_divider/divider_hardware.S.obj
 .debug_line    0x000112b9      0x452 CMakeFiles/uart_baremetal.dir/C_/Users/Nandkishor/pico/pico-sdk/src/rp2_common/pico_double/double_aeabi_rp2040.S.obj
 .debug_line    0x0001170b      0x4e3 CMakeFiles/uart_baremetal.dir/C_/Users/Nandkishor/pico/pico-sdk/src/rp2_common/pico_double/double_init_rom_rp2040.c.obj
 .debug_line    0x00011bee      0x66d CMakeFiles/uart_baremetal.dir/C_/Users/Nandkishor/pico/pico-sdk/src/rp2_common/pico_double/double_v1_rom_shim_rp2040.S.obj
 .debug_line    0x0001225b       0x61 CMakeFiles/uart_baremetal.dir/C_/Users/Nandkishor/pico/pico-sdk/src/rp2_common/pico_int64_ops/pico_int64_ops_aeabi.S.obj
 .debug_line    0x000122bc      0x3d2 CMakeFiles/uart_baremetal.dir/C_/Users/Nandkishor/pico/pico-sdk/src/rp2_common/pico_float/float_aeabi_rp2040.S.obj
 .debug_line    0x0001268e      0x3f1 CMakeFiles/uart_baremetal.dir/C_/Users/Nandkishor/pico/pico-sdk/src/rp2_common/pico_float/float_init_rom_rp2040.c.obj
 .debug_line    0x00012a7f      0x195 CMakeFiles/uart_baremetal.dir/C_/Users/Nandkishor/pico/pico-sdk/src/rp2_common/pico_float/float_v1_rom_shim_rp2040.S.obj
 .debug_line    0x00012c14       0x94 CMakeFiles/uart_baremetal.dir/C_/Users/Nandkishor/pico/pico-sdk/src/rp2_common/pico_mem_ops/mem_ops_aeabi.S.obj
 .debug_line    0x00012ca8      0x224 CMakeFiles/uart_baremetal.dir/C_/Users/Nandkishor/pico/pico-sdk/src/rp2_common/pico_standard_binary_info/standard_binary_info.c.obj
 .debug_line    0x00012ecc     0x1c66 CMakeFiles/uart_baremetal.dir/C_/Users/Nandkishor/pico/pico-sdk/src/rp2_common/pico_printf/printf.c.obj
 .debug_line    0x00014b32       0xa2 CMakeFiles/uart_baremetal.dir/C_/Users/Nandkishor/pico/pico-sdk/src/rp2_common/pico_crt0/crt0.S.obj
 .debug_line    0x00014bd4      0x945 CMakeFiles/uart_baremetal.dir/C_/Users/Nandkishor/pico/pico-sdk/src/rp2_common/pico_clib_interface/newlib_interface.c.obj
 .debug_line    0x00015519     0x150b CMakeFiles/uart_baremetal.dir/C_/Users/Nandkishor/pico/pico-sdk/src/rp2_common/pico_stdio/stdio.c.obj